  Welcome to Space Defender Version 1.
->play(7,5,3,5)
  state:1.0, ok
      1  2  3  4  5
    A _  _  _  _  _
    B _  _  _  _  _
    C _  _  _  _  _
    D S  _  _  _  _
    E _  _  _  _  _
    F _  _  _  _  _
    G _  _  _  _  _
->move(A,1)
  state:2.0, ok
  The Starfighter moves: [D,1] -> [A,1]
      1  2  3  4  5
    A S  _  _  _  _
    B _  _  _  _  _
    C _  _  _  _  _
    D _  _  _  _  _
    E _  _  _  _  _
    F _  _  _  _  _
    G _  _  _  _  _
->undo
  state:1.0, ok
      1  2  3  4  5
    A _  _  _  _  _
    B _  _  _  _  _
    C _  _  _  _  _
    D S  _  _  _  _
    E _  _  _  _  _
    F _  _  _  _  _
    G _  _  _  _  _
->fire
  state:2.0, ok
  The Starfighter fires a projectile at: [D,1]
      1  2  3  4  5
    A _  _  _  _  _
    B _  _  _  _  _
    C _  _  _  _  _
    D S  *  _  _  _
    E _  _  _  _  _
    F _  _  _  _  _
    G _  _  _  _  _
->undo
  state:1.0, ok
      1  2  3  4  5
    A _  _  _  _  _
    B _  _  _  _  _
    C _  _  _  _  _
    D S  _  _  _  _
    E _  _  _  _  _
    F _  _  _  _  _
    G _  _  _  _  _
->fire
  state:2.0, ok
  The Starfighter fires a projectile at: [D,1]
      1  2  3  4  5
    A _  _  _  _  _
    B _  _  _  _  _
    C _  _  _  _  _
    D S  *  _  _  _
    E _  _  _  _  _
    F _  _  _  _  _
    G _  _  _  _  _
->undo
  state:1.0, ok
      1  2  3  4  5
    A _  _  _  _  _
    B _  _  _  _  _
    C _  _  _  _  _
    D S  _  _  _  _
    E _  _  _  _  _
    F _  _  _  _  _
    G _  _  _  _  _
->redo
  state:2.0, ok
  The Starfighter fires a projectile at: [D,1]
      1  2  3  4  5
    A _  _  _  _  _
    B _  _  _  _  _
    C _  _  _  _  _
    D S  *  _  _  _
    E _  _  _  _  _
    F _  _  _  _  _
    G _  _  _  _  _
->move(E,5)
  state:2.1, error
  The location to move to is out of the Starfighter's movement range.
->undo
  state:1.0, ok
      1  2  3  4  5
    A _  _  _  _  _
    B _  _  _  _  _
    C _  _  _  _  _
    D S  _  _  _  _
    E _  _  _  _  _
    F _  _  _  _  _
    G _  _  _  _  _
->redo
  state:2.0, ok
  The Starfighter fires a projectile at: [D,1]
      1  2  3  4  5
    A _  _  _  _  _
    B _  _  _  _  _
    C _  _  _  _  _
    D S  *  _  _  _
    E _  _  _  _  _
    F _  _  _  _  _
    G _  _  _  _  _
->pass
  state:3.0, ok
  A projectile moves: [D,2] -> out of the board
  The Starfighter stays at: [D,1]
      1  2  3  4  5
    A _  _  _  _  _
    B _  _  _  _  _
    C _  _  _  _  _
    D S  _  _  _  _
    E _  _  _  _  _
    F _  _  _  _  _
    G _  _  _  _  _
->pass
  state:4.0, ok
  The Starfighter stays at: [D,1]
      1  2  3  4  5
    A _  _  _  _  _
    B _  _  _  _  _
    C _  _  _  _  _
    D S  _  _  _  _
    E _  _  _  _  _
    F _  _  _  _  _
    G _  _  _  _  _
->undo
  state:3.0, ok
  A projectile moves: [D,2] -> out of the board
  The Starfighter stays at: [D,1]
      1  2  3  4  5
    A _  _  _  _  _
    B _  _  _  _  _
    C _  _  _  _  _
    D S  _  _  _  _
    E _  _  _  _  _
    F _  _  _  _  _
    G _  _  _  _  _
