  Welcome to Space Defender Version 1.
->play(4,10,9,3)
  state:1.0, ok
      1  2  3  4  5  6  7  8  9 10
    A _  _  _  _  _  _  _  _  _  _
    B S  _  _  _  _  _  _  _  _  _
    C _  _  _  _  _  _  _  _  _  _
    D _  _  _  _  _  _  _  _  _  _
->fire
  state:2.0, ok
  The Starfighter fires a projectile at: [B,1]
      1  2  3  4  5  6  7  8  9 10
    A _  _  _  _  _  _  _  _  _  _
    B S  *  _  _  _  _  _  _  _  _
    C _  _  _  _  _  _  _  _  _  _
    D _  _  _  _  _  _  _  _  _  _
->move(C,8)
  state:3.0, ok
  A projectile moves: [B,2] -> [B,5]
  The Starfighter moves: [B,1] -> [C,8]
      1  2  3  4  5  6  7  8  9 10
    A _  _  _  _  _  _  _  _  _  _
    B _  _  _  _  *  _  _  _  _  _
    C _  _  _  _  _  _  _  S  _  _
    D _  _  _  _  _  _  _  _  _  _
->fire
  state:4.0, ok
  A projectile moves: [B,5] -> [B,8]
  The Starfighter fires a projectile at: [C,8]
      1  2  3  4  5  6  7  8  9 10
    A _  _  _  _  _  _  _  _  _  _
    B _  _  _  _  _  _  _  *  _  _
    C _  _  _  _  _  _  _  S  *  _
    D _  _  _  _  _  _  _  _  _  _
->move(C,8)
  state:4.1, error
  The Starfighter is already at that location.
->undo
  state:3.0, ok
  A projectile moves: [B,2] -> [B,5]
  The Starfighter moves: [B,1] -> [C,8]
      1  2  3  4  5  6  7  8  9 10
    A _  _  _  _  _  _  _  _  _  _
    B _  _  _  _  *  _  _  _  _  _
    C _  _  _  _  _  _  _  S  _  _
    D _  _  _  _  _  _  _  _  _  _
->undo
  state:2.0, ok
  The Starfighter fires a projectile at: [B,1]
      1  2  3  4  5  6  7  8  9 10
    A _  _  _  _  _  _  _  _  _  _
    B S  *  _  _  _  _  _  _  _  _
    C _  _  _  _  _  _  _  _  _  _
    D _  _  _  _  _  _  _  _  _  _
->fire
  state:3.0, ok
  A projectile moves: [B,2] -> [B,5]
  The Starfighter fires a projectile at: [B,1]
      1  2  3  4  5  6  7  8  9 10
    A _  _  _  _  _  _  _  _  _  _
    B S  *  _  _  *  _  _  _  _  _
    C _  _  _  _  _  _  _  _  _  _
    D _  _  _  _  _  _  _  _  _  _
->move(C,4)
  state:4.0, ok
  A projectile moves: [B,5] -> [B,8]
  A projectile moves: [B,2] -> [B,5]
  The Starfighter moves: [B,1] -> [C,4]
      1  2  3  4  5  6  7  8  9 10
    A _  _  _  _  _  _  _  _  _  _
    B _  _  _  _  *  _  _  *  _  _
    C _  _  _  S  _  _  _  _  _  _
    D _  _  _  _  _  _  _  _  _  _
->undo
  state:3.0, ok
  A projectile moves: [B,2] -> [B,5]
  The Starfighter fires a projectile at: [B,1]
      1  2  3  4  5  6  7  8  9 10
    A _  _  _  _  _  _  _  _  _  _
    B S  *  _  _  *  _  _  _  _  _
    C _  _  _  _  _  _  _  _  _  _
    D _  _  _  _  _  _  _  _  _  _
->undo
  state:2.0, ok
  The Starfighter fires a projectile at: [B,1]
      1  2  3  4  5  6  7  8  9 10
    A _  _  _  _  _  _  _  _  _  _
    B S  *  _  _  _  _  _  _  _  _
    C _  _  _  _  _  _  _  _  _  _
    D _  _  _  _  _  _  _  _  _  _
->play(4,10,9,3)
  state:2.1, error
  Please end the current game before starting a new one.
->fire
  state:3.0, ok
  A projectile moves: [B,2] -> [B,5]
  The Starfighter fires a projectile at: [B,1]
      1  2  3  4  5  6  7  8  9 10
    A _  _  _  _  _  _  _  _  _  _
    B S  *  _  _  *  _  _  _  _  _
    C _  _  _  _  _  _  _  _  _  _
    D _  _  _  _  _  _  _  _  _  _
->undo
  state:2.0, ok
  The Starfighter fires a projectile at: [B,1]
      1  2  3  4  5  6  7  8  9 10
    A _  _  _  _  _  _  _  _  _  _
    B S  *  _  _  _  _  _  _  _  _
    C _  _  _  _  _  _  _  _  _  _
    D _  _  _  _  _  _  _  _  _  _
->undo
  state:1.0, ok
      1  2  3  4  5  6  7  8  9 10
    A _  _  _  _  _  _  _  _  _  _
    B S  _  _  _  _  _  _  _  _  _
    C _  _  _  _  _  _  _  _  _  _
    D _  _  _  _  _  _  _  _  _  _
->play(4,10,9,3)
  state:1.1, error
  Please end the current game before starting a new one.
->undo
  state:1.2, error
  Nothing left to undo.
->undo
  state:1.3, error
  Nothing left to undo.
->undo
  state:1.4, error
  Nothing left to undo.
->fire
  state:2.0, ok
  The Starfighter fires a projectile at: [B,1]
      1  2  3  4  5  6  7  8  9 10
    A _  _  _  _  _  _  _  _  _  _
    B S  *  _  _  _  _  _  _  _  _
    C _  _  _  _  _  _  _  _  _  _
    D _  _  _  _  _  _  _  _  _  _
->pass
  state:3.0, ok
  A projectile moves: [B,2] -> [B,5]
  The Starfighter stays at: [B,1]
      1  2  3  4  5  6  7  8  9 10
    A _  _  _  _  _  _  _  _  _  _
    B S  _  _  _  *  _  _  _  _  _
    C _  _  _  _  _  _  _  _  _  _
    D _  _  _  _  _  _  _  _  _  _
->undo
  state:2.0, ok
  The Starfighter fires a projectile at: [B,1]
      1  2  3  4  5  6  7  8  9 10
    A _  _  _  _  _  _  _  _  _  _
    B S  *  _  _  _  _  _  _  _  _
    C _  _  _  _  _  _  _  _  _  _
    D _  _  _  _  _  _  _  _  _  _
->redo
  state:3.0, ok
  A projectile moves: [B,2] -> [B,5]
  The Starfighter stays at: [B,1]
      1  2  3  4  5  6  7  8  9 10
    A _  _  _  _  _  _  _  _  _  _
    B S  _  _  _  *  _  _  _  _  _
    C _  _  _  _  _  _  _  _  _  _
    D _  _  _  _  _  _  _  _  _  _
->redo
  state:3.1, error
  Nothing left to redo.
->redo
  state:3.2, error
  Nothing left to redo.
->redo
  state:3.3, error
  Nothing left to redo.
->move(B,7)
  state:4.0, ok
  A projectile moves: [B,5] -> [B,8]
  The Starfighter moves: [B,1] -> [B,7]
      1  2  3  4  5  6  7  8  9 10
    A _  _  _  _  _  _  _  _  _  _
    B _  _  _  _  _  _  S  *  _  _
    C _  _  _  _  _  _  _  _  _  _
    D _  _  _  _  _  _  _  _  _  _
->undo
  state:3.0, ok
  A projectile moves: [B,2] -> [B,5]
  The Starfighter stays at: [B,1]
      1  2  3  4  5  6  7  8  9 10
    A _  _  _  _  _  _  _  _  _  _
    B S  _  _  _  *  _  _  _  _  _
    C _  _  _  _  _  _  _  _  _  _
    D _  _  _  _  _  _  _  _  _  _
->play(4,10,9,3)
  state:3.1, error
  Please end the current game before starting a new one.
->abort
  state:4.0, ok
  Game has been exited.
