  state:not started, normal, ok
  Welcome to Space Defender Version 2.
->play(10,30,40,40,40,101,101)
  state:weapon setup, normal, ok
  1:Standard (A single projectile is fired in front)
    Health:10, Energy:10, Regen:0/1, Armour:0, Vision:1, Move:1, Move Cost:1,
    Projectile Damage:70, Projectile Cost:5 (energy)
  2:Spread (Three projectiles are fired in front, two going diagonal)
    Health:0, Energy:60, Regen:0/2, Armour:1, Vision:0, Move:0, Move Cost:2,
    Projectile Damage:50, Projectile Cost:10 (energy)
  3:Snipe (Fast and high damage projectile, but only travels via teleporting)
    Health:0, Energy:100, Regen:0/5, Armour:0, Vision:10, Move:3, Move Cost:0,
    Projectile Damage:1000, Projectile Cost:20 (energy)
  4:Rocket (Two projectiles appear behind to the sides of the Starfighter and accelerates)
    Health:10, Energy:0, Regen:10/0, Armour:2, Vision:2, Move:0, Move Cost:3,
    Projectile Damage:100, Projectile Cost:10 (health)
  5:Splitter (A single mine projectile is placed in front of the Starfighter)
    Health:0, Energy:100, Regen:0/10, Armour:0, Vision:0, Move:0, Move Cost:5,
    Projectile Damage:150, Projectile Cost:70 (energy)
  Weapon Selected:Standard
->toggle_debug_mode
  state:weapon setup, debug, ok
  In debug mode.
->setup_next(5)
  state:in game(0.0), debug, ok
  Starfighter:
    [0,S]->health:70/70, energy:70/70, Regen:1/3, Armour:1, Vision:13, Move:10, Move Cost:3, location:[E,1]
      Projectile Pattern:Standard, Projectile Damage:70, Projectile Cost:5 (energy)
      Power:Recall (50 energy): Teleport back to spawn.
      score:0
  Enemy:
  Projectile:
  Friendly Projectile Action:
  Enemy Projectile Action:
  Starfighter Action:
  Enemy Action:
  Natural Enemy Spawn:
      1  2  3  4  5  6  7  8  9 10 11 12 13 14 15 16 17 18 19 20 21 22 23 24 25 26 27 28 29 30
    A _  _  _  _  _  _  _  _  _  _  _  _  _  _  _  _  _  _  _  _  _  _  _  _  _  _  _  _  _  _
    B _  _  _  _  _  _  _  _  _  _  _  _  _  _  _  _  _  _  _  _  _  _  _  _  _  _  _  _  _  _
    C _  _  _  _  _  _  _  _  _  _  _  _  _  _  _  _  _  _  _  _  _  _  _  _  _  _  _  _  _  _
    D _  _  _  _  _  _  _  _  _  _  _  _  _  _  _  _  _  _  _  _  _  _  _  _  _  _  _  _  _  _
    E S  _  _  _  _  _  _  _  _  _  _  _  _  _  _  _  _  _  _  _  _  _  _  _  _  _  _  _  _  _
    F _  _  _  _  _  _  _  _  _  _  _  _  _  _  _  _  _  _  _  _  _  _  _  _  _  _  _  _  _  _
    G _  _  _  _  _  _  _  _  _  _  _  _  _  _  _  _  _  _  _  _  _  _  _  _  _  _  _  _  _  _
    H _  _  _  _  _  _  _  _  _  _  _  _  _  _  _  _  _  _  _  _  _  _  _  _  _  _  _  _  _  _
    I _  _  _  _  _  _  _  _  _  _  _  _  _  _  _  _  _  _  _  _  _  _  _  _  _  _  _  _  _  _
    J _  _  _  _  _  _  _  _  _  _  _  _  _  _  _  _  _  _  _  _  _  _  _  _  _  _  _  _  _  _
->pass
  state:in game(1.0), debug, ok
  Starfighter:
    [0,S]->health:70/70, energy:70/70, Regen:1/3, Armour:1, Vision:13, Move:10, Move Cost:3, location:[E,1]
      Projectile Pattern:Standard, Projectile Damage:70, Projectile Cost:5 (energy)
      Power:Recall (50 energy): Teleport back to spawn.
      score:0
  Enemy:
    [1,G]->health:100/100, Regen:1, Armour:1, Vision:5, seen_by_Starfighter:F, can_see_Starfighter:F, location:[A,30]
  Projectile:
  Friendly Projectile Action:
  Enemy Projectile Action:
  Starfighter Action:
    The Starfighter(id:0) passes at location [E,1], doubling regen rate.
  Enemy Action:
  Natural Enemy Spawn:
    A Grunt(id:1) spawns at location [A,30].
      1  2  3  4  5  6  7  8  9 10 11 12 13 14 15 16 17 18 19 20 21 22 23 24 25 26 27 28 29 30
    A _  _  _  _  _  _  _  _  _  _  _  _  _  _  _  _  _  _  _  _  _  _  _  _  _  _  _  _  _  G
    B _  _  _  _  _  _  _  _  _  _  _  _  _  _  _  _  _  _  _  _  _  _  _  _  _  _  _  _  _  _
    C _  _  _  _  _  _  _  _  _  _  _  _  _  _  _  _  _  _  _  _  _  _  _  _  _  _  _  _  _  _
    D _  _  _  _  _  _  _  _  _  _  _  _  _  _  _  _  _  _  _  _  _  _  _  _  _  _  _  _  _  _
    E S  _  _  _  _  _  _  _  _  _  _  _  _  _  _  _  _  _  _  _  _  _  _  _  _  _  _  _  _  _
    F _  _  _  _  _  _  _  _  _  _  _  _  _  _  _  _  _  _  _  _  _  _  _  _  _  _  _  _  _  _
    G _  _  _  _  _  _  _  _  _  _  _  _  _  _  _  _  _  _  _  _  _  _  _  _  _  _  _  _  _  _
    H _  _  _  _  _  _  _  _  _  _  _  _  _  _  _  _  _  _  _  _  _  _  _  _  _  _  _  _  _  _
    I _  _  _  _  _  _  _  _  _  _  _  _  _  _  _  _  _  _  _  _  _  _  _  _  _  _  _  _  _  _
    J _  _  _  _  _  _  _  _  _  _  _  _  _  _  _  _  _  _  _  _  _  _  _  _  _  _  _  _  _  _
->pass
  state:in game(2.0), debug, ok
  Starfighter:
    [0,S]->health:70/70, energy:70/70, Regen:1/3, Armour:1, Vision:13, Move:10, Move Cost:3, location:[E,1]
      Projectile Pattern:Standard, Projectile Damage:70, Projectile Cost:5 (energy)
      Power:Recall (50 energy): Teleport back to spawn.
      score:0
  Enemy:
    [1,G]->health:110/110, Regen:1, Armour:1, Vision:5, seen_by_Starfighter:F, can_see_Starfighter:F, location:[A,28]
    [2,G]->health:100/100, Regen:1, Armour:1, Vision:5, seen_by_Starfighter:F, can_see_Starfighter:F, location:[A,30]
  Projectile:
    [-1,<]->damage:15, move:4, location:[A,27]
  Friendly Projectile Action:
  Enemy Projectile Action:
  Starfighter Action:
    The Starfighter(id:0) passes at location [E,1], doubling regen rate.
  Enemy Action:
    A Grunt(id:1) gains 10 total health.
    A Grunt(id:1) moves: [A,30] -> [A,28]
      A enemy projectile(id:-1) spawns at location [A,27].
  Natural Enemy Spawn:
    A Grunt(id:2) spawns at location [A,30].
      1  2  3  4  5  6  7  8  9 10 11 12 13 14 15 16 17 18 19 20 21 22 23 24 25 26 27 28 29 30
    A _  _  _  _  _  _  _  _  _  _  _  _  _  _  _  _  _  _  _  _  _  _  _  _  _  _  <  G  _  G
    B _  _  _  _  _  _  _  _  _  _  _  _  _  _  _  _  _  _  _  _  _  _  _  _  _  _  _  _  _  _
    C _  _  _  _  _  _  _  _  _  _  _  _  _  _  _  _  _  _  _  _  _  _  _  _  _  _  _  _  _  _
    D _  _  _  _  _  _  _  _  _  _  _  _  _  _  _  _  _  _  _  _  _  _  _  _  _  _  _  _  _  _
    E S  _  _  _  _  _  _  _  _  _  _  _  _  _  _  _  _  _  _  _  _  _  _  _  _  _  _  _  _  _
    F _  _  _  _  _  _  _  _  _  _  _  _  _  _  _  _  _  _  _  _  _  _  _  _  _  _  _  _  _  _
    G _  _  _  _  _  _  _  _  _  _  _  _  _  _  _  _  _  _  _  _  _  _  _  _  _  _  _  _  _  _
    H _  _  _  _  _  _  _  _  _  _  _  _  _  _  _  _  _  _  _  _  _  _  _  _  _  _  _  _  _  _
    I _  _  _  _  _  _  _  _  _  _  _  _  _  _  _  _  _  _  _  _  _  _  _  _  _  _  _  _  _  _
    J _  _  _  _  _  _  _  _  _  _  _  _  _  _  _  _  _  _  _  _  _  _  _  _  _  _  _  _  _  _
->move(A,2)
  state:in game(3.0), debug, ok
  Starfighter:
    [0,S]->health:70/70, energy:55/70, Regen:1/3, Armour:1, Vision:13, Move:10, Move Cost:3, location:[A,2]
      Projectile Pattern:Standard, Projectile Damage:70, Projectile Cost:5 (energy)
      Power:Recall (50 energy): Teleport back to spawn.
      score:0
  Enemy:
    [1,G]->health:110/110, Regen:1, Armour:1, Vision:5, seen_by_Starfighter:F, can_see_Starfighter:F, location:[A,26]
    [2,G]->health:100/100, Regen:1, Armour:1, Vision:5, seen_by_Starfighter:F, can_see_Starfighter:F, location:[A,28]
    [3,I]->health:50/50, Regen:0, Armour:0, Vision:5, seen_by_Starfighter:F, can_see_Starfighter:F, location:[H,30]
  Projectile:
    [-1,<]->damage:15, move:4, location:[A,23]
    [-2,<]->damage:15, move:4, location:[A,25]
    [-3,<]->damage:15, move:4, location:[A,27]
  Friendly Projectile Action:
  Enemy Projectile Action:
    A enemy projectile(id:-1) moves: [A,27] -> [A,23]
  Starfighter Action:
    The Starfighter(id:0) moves: [E,1] -> [A,2]
  Enemy Action:
    A Grunt(id:1) moves: [A,28] -> [A,26]
      A enemy projectile(id:-2) spawns at location [A,25].
    A Grunt(id:2) moves: [A,30] -> [A,28]
      A enemy projectile(id:-3) spawns at location [A,27].
  Natural Enemy Spawn:
    A Interceptor(id:3) spawns at location [H,30].
      1  2  3  4  5  6  7  8  9 10 11 12 13 14 15 16 17 18 19 20 21 22 23 24 25 26 27 28 29 30
    A _  S  _  _  _  _  _  _  _  _  _  _  _  _  _  _  _  _  _  _  _  _  <  _  <  G  <  G  _  _
    B _  _  _  _  _  _  _  _  _  _  _  _  _  _  _  _  _  _  _  _  _  _  _  _  _  _  _  _  _  _
    C _  _  _  _  _  _  _  _  _  _  _  _  _  _  _  _  _  _  _  _  _  _  _  _  _  _  _  _  _  _
    D _  _  _  _  _  _  _  _  _  _  _  _  _  _  _  _  _  _  _  _  _  _  _  _  _  _  _  _  _  _
    E _  _  _  _  _  _  _  _  _  _  _  _  _  _  _  _  _  _  _  _  _  _  _  _  _  _  _  _  _  _
    F _  _  _  _  _  _  _  _  _  _  _  _  _  _  _  _  _  _  _  _  _  _  _  _  _  _  _  _  _  _
    G _  _  _  _  _  _  _  _  _  _  _  _  _  _  _  _  _  _  _  _  _  _  _  _  _  _  _  _  _  _
    H _  _  _  _  _  _  _  _  _  _  _  _  _  _  _  _  _  _  _  _  _  _  _  _  _  _  _  _  _  I
    I _  _  _  _  _  _  _  _  _  _  _  _  _  _  _  _  _  _  _  _  _  _  _  _  _  _  _  _  _  _
    J _  _  _  _  _  _  _  _  _  _  _  _  _  _  _  _  _  _  _  _  _  _  _  _  _  _  _  _  _  _
->move(A,5)
  state:in game(4.0), debug, ok
  Starfighter:
    [0,S]->health:70/70, energy:49/70, Regen:1/3, Armour:1, Vision:13, Move:10, Move Cost:3, location:[A,5]
      Projectile Pattern:Standard, Projectile Damage:70, Projectile Cost:5 (energy)
      Power:Recall (50 energy): Teleport back to spawn.
      score:0
  Enemy:
    [1,G]->health:110/110, Regen:1, Armour:1, Vision:5, seen_by_Starfighter:F, can_see_Starfighter:F, location:[A,24]
    [2,G]->health:100/100, Regen:1, Armour:1, Vision:5, seen_by_Starfighter:F, can_see_Starfighter:F, location:[A,26]
    [3,I]->health:50/50, Regen:0, Armour:0, Vision:5, seen_by_Starfighter:F, can_see_Starfighter:F, location:[H,27]
    [4,G]->health:100/100, Regen:1, Armour:1, Vision:5, seen_by_Starfighter:F, can_see_Starfighter:F, location:[G,30]
  Projectile:
    [-1,<]->damage:15, move:4, location:[A,19]
    [-2,<]->damage:15, move:4, location:[A,21]
    [-4,<]->damage:15, move:4, location:[A,23]
    [-5,<]->damage:15, move:4, location:[A,25]
  Friendly Projectile Action:
  Enemy Projectile Action:
    A enemy projectile(id:-1) moves: [A,23] -> [A,19]
    A enemy projectile(id:-2) moves: [A,25] -> [A,21]
    A enemy projectile(id:-3) moves: [A,27] -> [A,26]
      The projectile collides with Grunt(id:1) at location [A,26], healing 15 damage.
  Starfighter Action:
    The Starfighter(id:0) moves: [A,2] -> [A,5]
  Enemy Action:
    A Grunt(id:1) moves: [A,26] -> [A,24]
      A enemy projectile(id:-4) spawns at location [A,23].
    A Grunt(id:2) moves: [A,28] -> [A,26]
      A enemy projectile(id:-5) spawns at location [A,25].
    A Interceptor(id:3) moves: [H,30] -> [H,27]
  Natural Enemy Spawn:
    A Grunt(id:4) spawns at location [G,30].
      1  2  3  4  5  6  7  8  9 10 11 12 13 14 15 16 17 18 19 20 21 22 23 24 25 26 27 28 29 30
    A _  _  _  _  S  _  _  _  _  _  _  _  _  _  _  _  _  _  <  _  <  _  <  G  <  G  _  _  _  _
    B _  _  _  _  _  _  _  _  _  _  _  _  _  _  _  _  _  _  _  _  _  _  _  _  _  _  _  _  _  _
    C _  _  _  _  _  _  _  _  _  _  _  _  _  _  _  _  _  _  _  _  _  _  _  _  _  _  _  _  _  _
    D _  _  _  _  _  _  _  _  _  _  _  _  _  _  _  _  _  _  _  _  _  _  _  _  _  _  _  _  _  _
    E _  _  _  _  _  _  _  _  _  _  _  _  _  _  _  _  _  _  _  _  _  _  _  _  _  _  _  _  _  _
    F _  _  _  _  _  _  _  _  _  _  _  _  _  _  _  _  _  _  _  _  _  _  _  _  _  _  _  _  _  _
    G _  _  _  _  _  _  _  _  _  _  _  _  _  _  _  _  _  _  _  _  _  _  _  _  _  _  _  _  _  G
    H _  _  _  _  _  _  _  _  _  _  _  _  _  _  _  _  _  _  _  _  _  _  _  _  _  _  I  _  _  _
    I _  _  _  _  _  _  _  _  _  _  _  _  _  _  _  _  _  _  _  _  _  _  _  _  _  _  _  _  _  _
    J _  _  _  _  _  _  _  _  _  _  _  _  _  _  _  _  _  _  _  _  _  _  _  _  _  _  _  _  _  _
->move(A,9)
  state:in game(5.0), debug, ok
  Starfighter:
    [0,S]->health:70/70, energy:40/70, Regen:1/3, Armour:1, Vision:13, Move:10, Move Cost:3, location:[A,9]
      Projectile Pattern:Standard, Projectile Damage:70, Projectile Cost:5 (energy)
      Power:Recall (50 energy): Teleport back to spawn.
      score:0
  Enemy:
    [1,G]->health:110/110, Regen:1, Armour:1, Vision:5, seen_by_Starfighter:T, can_see_Starfighter:F, location:[A,22]
    [2,G]->health:100/100, Regen:1, Armour:1, Vision:5, seen_by_Starfighter:F, can_see_Starfighter:F, location:[A,24]
    [3,I]->health:50/50, Regen:0, Armour:0, Vision:5, seen_by_Starfighter:F, can_see_Starfighter:F, location:[H,24]
    [4,G]->health:100/100, Regen:1, Armour:1, Vision:5, seen_by_Starfighter:F, can_see_Starfighter:F, location:[G,28]
    [5,I]->health:50/50, Regen:0, Armour:0, Vision:5, seen_by_Starfighter:F, can_see_Starfighter:F, location:[D,30]
  Projectile:
    [-1,<]->damage:15, move:4, location:[A,15]
    [-2,<]->damage:15, move:4, location:[A,17]
    [-4,<]->damage:15, move:4, location:[A,19]
    [-6,<]->damage:15, move:4, location:[A,21]
    [-7,<]->damage:15, move:4, location:[A,23]
    [-8,<]->damage:15, move:4, location:[G,27]
  Friendly Projectile Action:
  Enemy Projectile Action:
    A enemy projectile(id:-1) moves: [A,19] -> [A,15]
    A enemy projectile(id:-2) moves: [A,21] -> [A,17]
    A enemy projectile(id:-4) moves: [A,23] -> [A,19]
    A enemy projectile(id:-5) moves: [A,25] -> [A,24]
      The projectile collides with Grunt(id:1) at location [A,24], healing 15 damage.
  Starfighter Action:
    The Starfighter(id:0) moves: [A,5] -> [A,9]
  Enemy Action:
    A Grunt(id:1) moves: [A,24] -> [A,22]
      A enemy projectile(id:-6) spawns at location [A,21].
    A Grunt(id:2) moves: [A,26] -> [A,24]
      A enemy projectile(id:-7) spawns at location [A,23].
    A Interceptor(id:3) moves: [H,27] -> [H,24]
    A Grunt(id:4) moves: [G,30] -> [G,28]
      A enemy projectile(id:-8) spawns at location [G,27].
  Natural Enemy Spawn:
    A Interceptor(id:5) spawns at location [D,30].
      1  2  3  4  5  6  7  8  9 10 11 12 13 14 15 16 17 18 19 20 21 22 23 24 25 26 27 28 29 30
    A _  _  _  _  _  _  _  _  S  _  _  _  _  _  <  _  <  _  <  _  <  G  <  G  _  _  _  _  _  _
    B _  _  _  _  _  _  _  _  _  _  _  _  _  _  _  _  _  _  _  _  _  _  _  _  _  _  _  _  _  _
    C _  _  _  _  _  _  _  _  _  _  _  _  _  _  _  _  _  _  _  _  _  _  _  _  _  _  _  _  _  _
    D _  _  _  _  _  _  _  _  _  _  _  _  _  _  _  _  _  _  _  _  _  _  _  _  _  _  _  _  _  I
    E _  _  _  _  _  _  _  _  _  _  _  _  _  _  _  _  _  _  _  _  _  _  _  _  _  _  _  _  _  _
    F _  _  _  _  _  _  _  _  _  _  _  _  _  _  _  _  _  _  _  _  _  _  _  _  _  _  _  _  _  _
    G _  _  _  _  _  _  _  _  _  _  _  _  _  _  _  _  _  _  _  _  _  _  _  _  _  _  <  G  _  _
    H _  _  _  _  _  _  _  _  _  _  _  _  _  _  _  _  _  _  _  _  _  _  _  I  _  _  _  _  _  _
    I _  _  _  _  _  _  _  _  _  _  _  _  _  _  _  _  _  _  _  _  _  _  _  _  _  _  _  _  _  _
    J _  _  _  _  _  _  _  _  _  _  _  _  _  _  _  _  _  _  _  _  _  _  _  _  _  _  _  _  _  _
->pass
  state:in game(6.0), debug, ok
  Starfighter:
    [0,S]->health:70/70, energy:46/70, Regen:1/3, Armour:1, Vision:13, Move:10, Move Cost:3, location:[A,9]
      Projectile Pattern:Standard, Projectile Damage:70, Projectile Cost:5 (energy)
      Power:Recall (50 energy): Teleport back to spawn.
      score:0
  Enemy:
    [1,G]->health:120/120, Regen:1, Armour:1, Vision:5, seen_by_Starfighter:T, can_see_Starfighter:F, location:[A,20]
    [2,G]->health:110/110, Regen:1, Armour:1, Vision:5, seen_by_Starfighter:T, can_see_Starfighter:F, location:[A,22]
    [3,I]->health:50/50, Regen:0, Armour:0, Vision:5, seen_by_Starfighter:F, can_see_Starfighter:F, location:[H,21]
    [4,G]->health:110/110, Regen:1, Armour:1, Vision:5, seen_by_Starfighter:F, can_see_Starfighter:F, location:[G,26]
    [5,I]->health:50/50, Regen:0, Armour:0, Vision:5, seen_by_Starfighter:F, can_see_Starfighter:F, location:[D,27]
    [6,I]->health:50/50, Regen:0, Armour:0, Vision:5, seen_by_Starfighter:F, can_see_Starfighter:F, location:[F,30]
  Projectile:
    [-1,<]->damage:15, move:4, location:[A,11]
    [-2,<]->damage:15, move:4, location:[A,13]
    [-4,<]->damage:15, move:4, location:[A,15]
    [-6,<]->damage:15, move:4, location:[A,17]
    [-8,<]->damage:15, move:4, location:[G,23]
    [-9,<]->damage:15, move:4, location:[A,19]
    [-10,<]->damage:15, move:4, location:[A,21]
    [-11,<]->damage:15, move:4, location:[G,25]
  Friendly Projectile Action:
  Enemy Projectile Action:
    A enemy projectile(id:-1) moves: [A,15] -> [A,11]
    A enemy projectile(id:-2) moves: [A,17] -> [A,13]
    A enemy projectile(id:-4) moves: [A,19] -> [A,15]
    A enemy projectile(id:-6) moves: [A,21] -> [A,17]
    A enemy projectile(id:-7) moves: [A,23] -> [A,22]
      The projectile collides with Grunt(id:1) at location [A,22], healing 15 damage.
    A enemy projectile(id:-8) moves: [G,27] -> [G,23]
  Starfighter Action:
    The Starfighter(id:0) passes at location [A,9], doubling regen rate.
  Enemy Action:
    A Grunt(id:1) gains 10 total health.
    A Grunt(id:2) gains 10 total health.
    A Grunt(id:4) gains 10 total health.
    A Grunt(id:1) moves: [A,22] -> [A,20]
      A enemy projectile(id:-9) spawns at location [A,19].
    A Grunt(id:2) moves: [A,24] -> [A,22]
      A enemy projectile(id:-10) spawns at location [A,21].
    A Interceptor(id:3) moves: [H,24] -> [H,21]
    A Grunt(id:4) moves: [G,28] -> [G,26]
      A enemy projectile(id:-11) spawns at location [G,25].
    A Interceptor(id:5) moves: [D,30] -> [D,27]
  Natural Enemy Spawn:
    A Interceptor(id:6) spawns at location [F,30].
      1  2  3  4  5  6  7  8  9 10 11 12 13 14 15 16 17 18 19 20 21 22 23 24 25 26 27 28 29 30
    A _  _  _  _  _  _  _  _  S  _  <  _  <  _  <  _  <  _  <  G  <  G  _  _  _  _  _  _  _  _
    B _  _  _  _  _  _  _  _  _  _  _  _  _  _  _  _  _  _  _  _  _  _  _  _  _  _  _  _  _  _
    C _  _  _  _  _  _  _  _  _  _  _  _  _  _  _  _  _  _  _  _  _  _  _  _  _  _  _  _  _  _
    D _  _  _  _  _  _  _  _  _  _  _  _  _  _  _  _  _  _  _  _  _  _  _  _  _  _  I  _  _  _
    E _  _  _  _  _  _  _  _  _  _  _  _  _  _  _  _  _  _  _  _  _  _  _  _  _  _  _  _  _  _
    F _  _  _  _  _  _  _  _  _  _  _  _  _  _  _  _  _  _  _  _  _  _  _  _  _  _  _  _  _  I
    G _  _  _  _  _  _  _  _  _  _  _  _  _  _  _  _  _  _  _  _  _  _  <  _  <  G  _  _  _  _
    H _  _  _  _  _  _  _  _  _  _  _  _  _  _  _  _  _  _  _  _  I  _  _  _  _  _  _  _  _  _
    I _  _  _  _  _  _  _  _  _  _  _  _  _  _  _  _  _  _  _  _  _  _  _  _  _  _  _  _  _  _
    J _  _  _  _  _  _  _  _  _  _  _  _  _  _  _  _  _  _  _  _  _  _  _  _  _  _  _  _  _  _
->pass
  state:in game(7.0), debug, ok
  Starfighter:
    [0,S]->health:44/70, energy:52/70, Regen:1/3, Armour:1, Vision:13, Move:10, Move Cost:3, location:[A,9]
      Projectile Pattern:Standard, Projectile Damage:70, Projectile Cost:5 (energy)
      Power:Recall (50 energy): Teleport back to spawn.
      score:0
  Enemy:
    [1,G]->health:130/130, Regen:1, Armour:1, Vision:5, seen_by_Starfighter:T, can_see_Starfighter:F, location:[A,18]
    [2,G]->health:120/120, Regen:1, Armour:1, Vision:5, seen_by_Starfighter:T, can_see_Starfighter:F, location:[A,20]
    [3,I]->health:50/50, Regen:0, Armour:0, Vision:5, seen_by_Starfighter:F, can_see_Starfighter:F, location:[H,18]
    [4,G]->health:120/120, Regen:1, Armour:1, Vision:5, seen_by_Starfighter:F, can_see_Starfighter:F, location:[G,24]
    [5,I]->health:50/50, Regen:0, Armour:0, Vision:5, seen_by_Starfighter:F, can_see_Starfighter:F, location:[D,24]
    [6,I]->health:50/50, Regen:0, Armour:0, Vision:5, seen_by_Starfighter:F, can_see_Starfighter:F, location:[F,27]
    [7,I]->health:50/50, Regen:0, Armour:0, Vision:5, seen_by_Starfighter:F, can_see_Starfighter:F, location:[B,30]
  Projectile:
    [-4,<]->damage:15, move:4, location:[A,11]
    [-6,<]->damage:15, move:4, location:[A,13]
    [-8,<]->damage:15, move:4, location:[G,19]
    [-9,<]->damage:15, move:4, location:[A,15]
    [-11,<]->damage:15, move:4, location:[G,21]
    [-12,<]->damage:15, move:4, location:[A,17]
    [-13,<]->damage:15, move:4, location:[A,19]
    [-14,<]->damage:15, move:4, location:[G,23]
  Friendly Projectile Action:
  Enemy Projectile Action:
    A enemy projectile(id:-1) moves: [A,11] -> [A,9]
      The projectile collides with Starfighter(id:0) at location [A,9], dealing 14 damage.
    A enemy projectile(id:-2) moves: [A,13] -> [A,9]
      The projectile collides with Starfighter(id:0) at location [A,9], dealing 14 damage.
    A enemy projectile(id:-4) moves: [A,15] -> [A,11]
    A enemy projectile(id:-6) moves: [A,17] -> [A,13]
    A enemy projectile(id:-8) moves: [G,23] -> [G,19]
    A enemy projectile(id:-9) moves: [A,19] -> [A,15]
    A enemy projectile(id:-10) moves: [A,21] -> [A,20]
      The projectile collides with Grunt(id:1) at location [A,20], healing 15 damage.
    A enemy projectile(id:-11) moves: [G,25] -> [G,21]
  Starfighter Action:
    The Starfighter(id:0) passes at location [A,9], doubling regen rate.
  Enemy Action:
    A Grunt(id:1) gains 10 total health.
    A Grunt(id:2) gains 10 total health.
    A Grunt(id:4) gains 10 total health.
    A Grunt(id:1) moves: [A,20] -> [A,18]
      A enemy projectile(id:-12) spawns at location [A,17].
    A Grunt(id:2) moves: [A,22] -> [A,20]
      A enemy projectile(id:-13) spawns at location [A,19].
    A Interceptor(id:3) moves: [H,21] -> [H,18]
    A Grunt(id:4) moves: [G,26] -> [G,24]
      A enemy projectile(id:-14) spawns at location [G,23].
    A Interceptor(id:5) moves: [D,27] -> [D,24]
    A Interceptor(id:6) moves: [F,30] -> [F,27]
  Natural Enemy Spawn:
    A Interceptor(id:7) spawns at location [B,30].
      1  2  3  4  5  6  7  8  9 10 11 12 13 14 15 16 17 18 19 20 21 22 23 24 25 26 27 28 29 30
    A _  _  _  _  _  _  _  _  S  _  <  _  <  _  <  _  <  G  <  G  _  _  _  _  _  _  _  _  _  _
    B _  _  _  _  _  _  _  _  _  _  _  _  _  _  _  _  _  _  _  _  _  _  _  _  _  _  _  _  _  I
    C _  _  _  _  _  _  _  _  _  _  _  _  _  _  _  _  _  _  _  _  _  _  _  _  _  _  _  _  _  _
    D _  _  _  _  _  _  _  _  _  _  _  _  _  _  _  _  _  _  _  _  _  _  _  I  _  _  _  _  _  _
    E _  _  _  _  _  _  _  _  _  _  _  _  _  _  _  _  _  _  _  _  _  _  _  _  _  _  _  _  _  _
    F _  _  _  _  _  _  _  _  _  _  _  _  _  _  _  _  _  _  _  _  _  _  _  _  _  _  I  _  _  _
    G _  _  _  _  _  _  _  _  _  _  _  _  _  _  _  _  _  _  <  _  <  _  <  G  _  _  _  _  _  _
    H _  _  _  _  _  _  _  _  _  _  _  _  _  _  _  _  _  I  _  _  _  _  _  _  _  _  _  _  _  _
    I _  _  _  _  _  _  _  _  _  _  _  _  _  _  _  _  _  _  _  _  _  _  _  _  _  _  _  _  _  _
    J _  _  _  _  _  _  _  _  _  _  _  _  _  _  _  _  _  _  _  _  _  _  _  _  _  _  _  _  _  _
->pass
  state:in game(8.0), debug, ok
  Starfighter:
    [0,S]->health:18/70, energy:58/70, Regen:1/3, Armour:1, Vision:13, Move:10, Move Cost:3, location:[A,9]
      Projectile Pattern:Standard, Projectile Damage:70, Projectile Cost:5 (energy)
      Power:Recall (50 energy): Teleport back to spawn.
      score:0
  Enemy:
    [1,G]->health:140/140, Regen:1, Armour:1, Vision:5, seen_by_Starfighter:T, can_see_Starfighter:F, location:[A,16]
    [2,G]->health:130/130, Regen:1, Armour:1, Vision:5, seen_by_Starfighter:T, can_see_Starfighter:F, location:[A,18]
    [3,I]->health:50/50, Regen:0, Armour:0, Vision:5, seen_by_Starfighter:T, can_see_Starfighter:F, location:[H,15]
    [4,G]->health:130/130, Regen:1, Armour:1, Vision:5, seen_by_Starfighter:F, can_see_Starfighter:F, location:[G,22]
    [5,I]->health:50/50, Regen:0, Armour:0, Vision:5, seen_by_Starfighter:F, can_see_Starfighter:F, location:[D,21]
    [6,I]->health:50/50, Regen:0, Armour:0, Vision:5, seen_by_Starfighter:F, can_see_Starfighter:F, location:[F,24]
    [7,I]->health:50/50, Regen:0, Armour:0, Vision:5, seen_by_Starfighter:F, can_see_Starfighter:F, location:[B,27]
    [8,G]->health:100/100, Regen:1, Armour:1, Vision:5, seen_by_Starfighter:F, can_see_Starfighter:F, location:[E,30]
  Projectile:
    [-8,<]->damage:15, move:4, location:[G,15]
    [-9,<]->damage:15, move:4, location:[A,11]
    [-11,<]->damage:15, move:4, location:[G,17]
    [-12,<]->damage:15, move:4, location:[A,13]
    [-14,<]->damage:15, move:4, location:[G,19]
    [-15,<]->damage:15, move:4, location:[A,15]
    [-16,<]->damage:15, move:4, location:[A,17]
    [-17,<]->damage:15, move:4, location:[G,21]
  Friendly Projectile Action:
  Enemy Projectile Action:
    A enemy projectile(id:-4) moves: [A,11] -> [A,9]
      The projectile collides with Starfighter(id:0) at location [A,9], dealing 14 damage.
    A enemy projectile(id:-6) moves: [A,13] -> [A,9]
      The projectile collides with Starfighter(id:0) at location [A,9], dealing 14 damage.
    A enemy projectile(id:-8) moves: [G,19] -> [G,15]
    A enemy projectile(id:-9) moves: [A,15] -> [A,11]
    A enemy projectile(id:-11) moves: [G,21] -> [G,17]
    A enemy projectile(id:-12) moves: [A,17] -> [A,13]
    A enemy projectile(id:-13) moves: [A,19] -> [A,18]
      The projectile collides with Grunt(id:1) at location [A,18], healing 15 damage.
    A enemy projectile(id:-14) moves: [G,23] -> [G,19]
  Starfighter Action:
    The Starfighter(id:0) passes at location [A,9], doubling regen rate.
  Enemy Action:
    A Grunt(id:1) gains 10 total health.
    A Grunt(id:2) gains 10 total health.
    A Grunt(id:4) gains 10 total health.
    A Grunt(id:1) moves: [A,18] -> [A,16]
      A enemy projectile(id:-15) spawns at location [A,15].
    A Grunt(id:2) moves: [A,20] -> [A,18]
      A enemy projectile(id:-16) spawns at location [A,17].
    A Interceptor(id:3) moves: [H,18] -> [H,15]
    A Grunt(id:4) moves: [G,24] -> [G,22]
      A enemy projectile(id:-17) spawns at location [G,21].
    A Interceptor(id:5) moves: [D,24] -> [D,21]
    A Interceptor(id:6) moves: [F,27] -> [F,24]
    A Interceptor(id:7) moves: [B,30] -> [B,27]
  Natural Enemy Spawn:
    A Grunt(id:8) spawns at location [E,30].
      1  2  3  4  5  6  7  8  9 10 11 12 13 14 15 16 17 18 19 20 21 22 23 24 25 26 27 28 29 30
    A _  _  _  _  _  _  _  _  S  _  <  _  <  _  <  G  <  G  _  _  _  _  _  _  _  _  _  _  _  _
    B _  _  _  _  _  _  _  _  _  _  _  _  _  _  _  _  _  _  _  _  _  _  _  _  _  _  I  _  _  _
    C _  _  _  _  _  _  _  _  _  _  _  _  _  _  _  _  _  _  _  _  _  _  _  _  _  _  _  _  _  _
    D _  _  _  _  _  _  _  _  _  _  _  _  _  _  _  _  _  _  _  _  I  _  _  _  _  _  _  _  _  _
    E _  _  _  _  _  _  _  _  _  _  _  _  _  _  _  _  _  _  _  _  _  _  _  _  _  _  _  _  _  G
    F _  _  _  _  _  _  _  _  _  _  _  _  _  _  _  _  _  _  _  _  _  _  _  I  _  _  _  _  _  _
    G _  _  _  _  _  _  _  _  _  _  _  _  _  _  <  _  <  _  <  _  <  G  _  _  _  _  _  _  _  _
    H _  _  _  _  _  _  _  _  _  _  _  _  _  _  I  _  _  _  _  _  _  _  _  _  _  _  _  _  _  _
    I _  _  _  _  _  _  _  _  _  _  _  _  _  _  _  _  _  _  _  _  _  _  _  _  _  _  _  _  _  _
    J _  _  _  _  _  _  _  _  _  _  _  _  _  _  _  _  _  _  _  _  _  _  _  _  _  _  _  _  _  _
->pass
  state:not started, debug, ok
  Starfighter:
    [0,S]->health:0/70, energy:58/70, Regen:1/3, Armour:1, Vision:13, Move:10, Move Cost:3, location:[A,9]
      Projectile Pattern:Standard, Projectile Damage:70, Projectile Cost:5 (energy)
      Power:Recall (50 energy): Teleport back to spawn.
      score:0
  Enemy:
    [1,G]->health:140/140, Regen:1, Armour:1, Vision:5, seen_by_Starfighter:T, can_see_Starfighter:F, location:[A,16]
    [2,G]->health:130/130, Regen:1, Armour:1, Vision:5, seen_by_Starfighter:T, can_see_Starfighter:F, location:[A,18]
    [3,I]->health:50/50, Regen:0, Armour:0, Vision:5, seen_by_Starfighter:T, can_see_Starfighter:F, location:[H,15]
    [4,G]->health:130/130, Regen:1, Armour:1, Vision:5, seen_by_Starfighter:F, can_see_Starfighter:F, location:[G,22]
    [5,I]->health:50/50, Regen:0, Armour:0, Vision:5, seen_by_Starfighter:F, can_see_Starfighter:F, location:[D,21]
    [6,I]->health:50/50, Regen:0, Armour:0, Vision:5, seen_by_Starfighter:F, can_see_Starfighter:F, location:[F,24]
    [7,I]->health:50/50, Regen:0, Armour:0, Vision:5, seen_by_Starfighter:F, can_see_Starfighter:F, location:[B,27]
    [8,G]->health:100/100, Regen:1, Armour:1, Vision:5, seen_by_Starfighter:F, can_see_Starfighter:F, location:[E,30]
  Projectile:
    [-8,<]->damage:15, move:4, location:[G,11]
    [-11,<]->damage:15, move:4, location:[G,13]
    [-14,<]->damage:15, move:4, location:[G,19]
    [-15,<]->damage:15, move:4, location:[A,15]
    [-16,<]->damage:15, move:4, location:[A,17]
    [-17,<]->damage:15, move:4, location:[G,21]
  Friendly Projectile Action:
  Enemy Projectile Action:
    A enemy projectile(id:-8) moves: [G,15] -> [G,11]
    A enemy projectile(id:-9) moves: [A,11] -> [A,9]
      The projectile collides with Starfighter(id:0) at location [A,9], dealing 14 damage.
    A enemy projectile(id:-11) moves: [G,17] -> [G,13]
    A enemy projectile(id:-12) moves: [A,13] -> [A,9]
      The projectile collides with Starfighter(id:0) at location [A,9], dealing 14 damage.
      The Starfighter at location [A,9] has been destroyed.
  Starfighter Action:
  Enemy Action:
  Natural Enemy Spawn:
      1  2  3  4  5  6  7  8  9 10 11 12 13 14 15 16 17 18 19 20 21 22 23 24 25 26 27 28 29 30
    A _  _  _  _  _  _  _  _  X  _  _  _  _  _  <  G  <  G  _  _  _  _  _  _  _  _  _  _  _  _
    B _  _  _  _  _  _  _  _  _  _  _  _  _  _  _  _  _  _  _  _  _  _  _  _  _  _  I  _  _  _
    C _  _  _  _  _  _  _  _  _  _  _  _  _  _  _  _  _  _  _  _  _  _  _  _  _  _  _  _  _  _
    D _  _  _  _  _  _  _  _  _  _  _  _  _  _  _  _  _  _  _  _  I  _  _  _  _  _  _  _  _  _
    E _  _  _  _  _  _  _  _  _  _  _  _  _  _  _  _  _  _  _  _  _  _  _  _  _  _  _  _  _  G
    F _  _  _  _  _  _  _  _  _  _  _  _  _  _  _  _  _  _  _  _  _  _  _  I  _  _  _  _  _  _
    G _  _  _  _  _  _  _  _  _  _  <  _  <  _  _  _  _  _  <  _  <  G  _  _  _  _  _  _  _  _
    H _  _  _  _  _  _  _  _  _  _  _  _  _  _  I  _  _  _  _  _  _  _  _  _  _  _  _  _  _  _
    I _  _  _  _  _  _  _  _  _  _  _  _  _  _  _  _  _  _  _  _  _  _  _  _  _  _  _  _  _  _
    J _  _  _  _  _  _  _  _  _  _  _  _  _  _  _  _  _  _  _  _  _  _  _  _  _  _  _  _  _  _
  The game is over. Better luck next time!
