  state:not started, normal, ok
  Welcome to Space Defender Version 2.
->play(10,30,20,40,60,80,101)
  state:weapon setup, normal, ok
  1:Standard (A single projectile is fired in front)
    Health:10, Energy:10, Regen:0/1, Armour:0, Vision:1, Move:1, Move Cost:1,
    Projectile Damage:70, Projectile Cost:5 (energy)
  2:Spread (Three projectiles are fired in front, two going diagonal)
    Health:0, Energy:60, Regen:0/2, Armour:1, Vision:0, Move:0, Move Cost:2,
    Projectile Damage:50, Projectile Cost:10 (energy)
  3:Snipe (Fast and high damage projectile, but only travels via teleporting)
    Health:0, Energy:100, Regen:0/5, Armour:0, Vision:10, Move:3, Move Cost:0,
    Projectile Damage:1000, Projectile Cost:20 (energy)
  4:Rocket (Two projectiles appear behind to the sides of the Starfighter and accelerates)
    Health:10, Energy:0, Regen:10/0, Armour:2, Vision:2, Move:0, Move Cost:3,
    Projectile Damage:100, Projectile Cost:10 (health)
  5:Splitter (A single mine projectile is placed in front of the Starfighter)
    Health:0, Energy:100, Regen:0/10, Armour:0, Vision:0, Move:0, Move Cost:5,
    Projectile Damage:150, Projectile Cost:70 (energy)
  Weapon Selected:Standard
->toggle_debug_mode
  state:weapon setup, debug, ok
  In debug mode.
->setup_next(5)
  state:in game(0.0), debug, ok
  Starfighter:
    [0,S]->health:70/70, energy:70/70, Regen:1/3, Armour:1, Vision:13, Move:10, Move Cost:3, location:[E,1]
      Projectile Pattern:Standard, Projectile Damage:70, Projectile Cost:5 (energy)
      Power:Recall (50 energy): Teleport back to spawn.
      score:0
  Enemy:
  Projectile:
  Friendly Projectile Action:
  Enemy Projectile Action:
  Starfighter Action:
  Enemy Action:
  Natural Enemy Spawn:
      1  2  3  4  5  6  7  8  9 10 11 12 13 14 15 16 17 18 19 20 21 22 23 24 25 26 27 28 29 30
    A _  _  _  _  _  _  _  _  _  _  _  _  _  _  _  _  _  _  _  _  _  _  _  _  _  _  _  _  _  _
    B _  _  _  _  _  _  _  _  _  _  _  _  _  _  _  _  _  _  _  _  _  _  _  _  _  _  _  _  _  _
    C _  _  _  _  _  _  _  _  _  _  _  _  _  _  _  _  _  _  _  _  _  _  _  _  _  _  _  _  _  _
    D _  _  _  _  _  _  _  _  _  _  _  _  _  _  _  _  _  _  _  _  _  _  _  _  _  _  _  _  _  _
    E S  _  _  _  _  _  _  _  _  _  _  _  _  _  _  _  _  _  _  _  _  _  _  _  _  _  _  _  _  _
    F _  _  _  _  _  _  _  _  _  _  _  _  _  _  _  _  _  _  _  _  _  _  _  _  _  _  _  _  _  _
    G _  _  _  _  _  _  _  _  _  _  _  _  _  _  _  _  _  _  _  _  _  _  _  _  _  _  _  _  _  _
    H _  _  _  _  _  _  _  _  _  _  _  _  _  _  _  _  _  _  _  _  _  _  _  _  _  _  _  _  _  _
    I _  _  _  _  _  _  _  _  _  _  _  _  _  _  _  _  _  _  _  _  _  _  _  _  _  _  _  _  _  _
    J _  _  _  _  _  _  _  _  _  _  _  _  _  _  _  _  _  _  _  _  _  _  _  _  _  _  _  _  _  _
->pass
  state:in game(1.0), debug, ok
  Starfighter:
    [0,S]->health:70/70, energy:70/70, Regen:1/3, Armour:1, Vision:13, Move:10, Move Cost:3, location:[E,1]
      Projectile Pattern:Standard, Projectile Damage:70, Projectile Cost:5 (energy)
      Power:Recall (50 energy): Teleport back to spawn.
      score:0
  Enemy:
    [1,G]->health:100/100, Regen:1, Armour:1, Vision:5, seen_by_Starfighter:F, can_see_Starfighter:F, location:[A,30]
  Projectile:
  Friendly Projectile Action:
  Enemy Projectile Action:
  Starfighter Action:
    The Starfighter(id:0) passes at location [E,1], doubling regen rate.
  Enemy Action:
  Natural Enemy Spawn:
    A Grunt(id:1) spawns at location [A,30].
      1  2  3  4  5  6  7  8  9 10 11 12 13 14 15 16 17 18 19 20 21 22 23 24 25 26 27 28 29 30
    A _  _  _  _  _  _  _  _  _  _  _  _  _  _  _  _  _  _  _  _  _  _  _  _  _  _  _  _  _  G
    B _  _  _  _  _  _  _  _  _  _  _  _  _  _  _  _  _  _  _  _  _  _  _  _  _  _  _  _  _  _
    C _  _  _  _  _  _  _  _  _  _  _  _  _  _  _  _  _  _  _  _  _  _  _  _  _  _  _  _  _  _
    D _  _  _  _  _  _  _  _  _  _  _  _  _  _  _  _  _  _  _  _  _  _  _  _  _  _  _  _  _  _
    E S  _  _  _  _  _  _  _  _  _  _  _  _  _  _  _  _  _  _  _  _  _  _  _  _  _  _  _  _  _
    F _  _  _  _  _  _  _  _  _  _  _  _  _  _  _  _  _  _  _  _  _  _  _  _  _  _  _  _  _  _
    G _  _  _  _  _  _  _  _  _  _  _  _  _  _  _  _  _  _  _  _  _  _  _  _  _  _  _  _  _  _
    H _  _  _  _  _  _  _  _  _  _  _  _  _  _  _  _  _  _  _  _  _  _  _  _  _  _  _  _  _  _
    I _  _  _  _  _  _  _  _  _  _  _  _  _  _  _  _  _  _  _  _  _  _  _  _  _  _  _  _  _  _
    J _  _  _  _  _  _  _  _  _  _  _  _  _  _  _  _  _  _  _  _  _  _  _  _  _  _  _  _  _  _
->pass
  state:in game(2.0), debug, ok
  Starfighter:
    [0,S]->health:70/70, energy:70/70, Regen:1/3, Armour:1, Vision:13, Move:10, Move Cost:3, location:[E,1]
      Projectile Pattern:Standard, Projectile Damage:70, Projectile Cost:5 (energy)
      Power:Recall (50 energy): Teleport back to spawn.
      score:0
  Enemy:
    [1,G]->health:110/110, Regen:1, Armour:1, Vision:5, seen_by_Starfighter:F, can_see_Starfighter:F, location:[A,28]
    [2,F]->health:150/150, Regen:5, Armour:10, Vision:10, seen_by_Starfighter:F, can_see_Starfighter:F, location:[A,30]
  Projectile:
    [-1,<]->damage:15, move:4, location:[A,27]
  Friendly Projectile Action:
  Enemy Projectile Action:
  Starfighter Action:
    The Starfighter(id:0) passes at location [E,1], doubling regen rate.
  Enemy Action:
    A Grunt(id:1) gains 10 total health.
    A Grunt(id:1) moves: [A,30] -> [A,28]
      A enemy projectile(id:-1) spawns at location [A,27].
  Natural Enemy Spawn:
    A Fighter(id:2) spawns at location [A,30].
      1  2  3  4  5  6  7  8  9 10 11 12 13 14 15 16 17 18 19 20 21 22 23 24 25 26 27 28 29 30
    A _  _  _  _  _  _  _  _  _  _  _  _  _  _  _  _  _  _  _  _  _  _  _  _  _  _  <  G  _  F
    B _  _  _  _  _  _  _  _  _  _  _  _  _  _  _  _  _  _  _  _  _  _  _  _  _  _  _  _  _  _
    C _  _  _  _  _  _  _  _  _  _  _  _  _  _  _  _  _  _  _  _  _  _  _  _  _  _  _  _  _  _
    D _  _  _  _  _  _  _  _  _  _  _  _  _  _  _  _  _  _  _  _  _  _  _  _  _  _  _  _  _  _
    E S  _  _  _  _  _  _  _  _  _  _  _  _  _  _  _  _  _  _  _  _  _  _  _  _  _  _  _  _  _
    F _  _  _  _  _  _  _  _  _  _  _  _  _  _  _  _  _  _  _  _  _  _  _  _  _  _  _  _  _  _
    G _  _  _  _  _  _  _  _  _  _  _  _  _  _  _  _  _  _  _  _  _  _  _  _  _  _  _  _  _  _
    H _  _  _  _  _  _  _  _  _  _  _  _  _  _  _  _  _  _  _  _  _  _  _  _  _  _  _  _  _  _
    I _  _  _  _  _  _  _  _  _  _  _  _  _  _  _  _  _  _  _  _  _  _  _  _  _  _  _  _  _  _
    J _  _  _  _  _  _  _  _  _  _  _  _  _  _  _  _  _  _  _  _  _  _  _  _  _  _  _  _  _  _
->pass
  state:in game(3.0), debug, ok
  Starfighter:
    [0,S]->health:70/70, energy:70/70, Regen:1/3, Armour:1, Vision:13, Move:10, Move Cost:3, location:[E,1]
      Projectile Pattern:Standard, Projectile Damage:70, Projectile Cost:5 (energy)
      Power:Recall (50 energy): Teleport back to spawn.
      score:0
  Enemy:
    [1,G]->health:120/120, Regen:1, Armour:1, Vision:5, seen_by_Starfighter:F, can_see_Starfighter:F, location:[A,26]
    [2,F]->health:150/150, Regen:5, Armour:10, Vision:10, seen_by_Starfighter:F, can_see_Starfighter:F, location:[A,29]
    [3,C]->health:200/200, Regen:10, Armour:15, Vision:15, seen_by_Starfighter:F, can_see_Starfighter:F, location:[H,30]
  Projectile:
    [-1,<]->damage:15, move:4, location:[A,23]
    [-3,<]->damage:15, move:4, location:[A,25]
  Friendly Projectile Action:
  Enemy Projectile Action:
    A enemy projectile(id:-1) moves: [A,27] -> [A,23]
  Starfighter Action:
    The Starfighter(id:0) passes at location [E,1], doubling regen rate.
  Enemy Action:
    A Grunt(id:1) gains 10 total health.
    A Fighter(id:2) moves: [A,30] -> [A,29]
      A enemy projectile(id:-2) spawns at location [A,28].
      The projectile collides with Grunt(id:1) at location [A,28], healing 100 damage.
    A Grunt(id:1) moves: [A,28] -> [A,26]
      A enemy projectile(id:-3) spawns at location [A,25].
  Natural Enemy Spawn:
    A Carrier(id:3) spawns at location [H,30].
      1  2  3  4  5  6  7  8  9 10 11 12 13 14 15 16 17 18 19 20 21 22 23 24 25 26 27 28 29 30
    A _  _  _  _  _  _  _  _  _  _  _  _  _  _  _  _  _  _  _  _  _  _  <  _  <  G  _  _  F  _
    B _  _  _  _  _  _  _  _  _  _  _  _  _  _  _  _  _  _  _  _  _  _  _  _  _  _  _  _  _  _
    C _  _  _  _  _  _  _  _  _  _  _  _  _  _  _  _  _  _  _  _  _  _  _  _  _  _  _  _  _  _
    D _  _  _  _  _  _  _  _  _  _  _  _  _  _  _  _  _  _  _  _  _  _  _  _  _  _  _  _  _  _
    E S  _  _  _  _  _  _  _  _  _  _  _  _  _  _  _  _  _  _  _  _  _  _  _  _  _  _  _  _  _
    F _  _  _  _  _  _  _  _  _  _  _  _  _  _  _  _  _  _  _  _  _  _  _  _  _  _  _  _  _  _
    G _  _  _  _  _  _  _  _  _  _  _  _  _  _  _  _  _  _  _  _  _  _  _  _  _  _  _  _  _  _
    H _  _  _  _  _  _  _  _  _  _  _  _  _  _  _  _  _  _  _  _  _  _  _  _  _  _  _  _  _  C
    I _  _  _  _  _  _  _  _  _  _  _  _  _  _  _  _  _  _  _  _  _  _  _  _  _  _  _  _  _  _
    J _  _  _  _  _  _  _  _  _  _  _  _  _  _  _  _  _  _  _  _  _  _  _  _  _  _  _  _  _  _
->fire
  state:in game(4.0), debug, ok
  Starfighter:
    [0,S]->health:70/70, energy:65/70, Regen:1/3, Armour:1, Vision:13, Move:10, Move Cost:3, location:[E,1]
      Projectile Pattern:Standard, Projectile Damage:70, Projectile Cost:5 (energy)
      Power:Recall (50 energy): Teleport back to spawn.
      score:0
  Enemy:
    [1,G]->health:120/120, Regen:1, Armour:1, Vision:5, seen_by_Starfighter:F, can_see_Starfighter:F, location:[A,24]
    [2,F]->health:150/150, Regen:5, Armour:11, Vision:10, seen_by_Starfighter:F, can_see_Starfighter:F, location:[A,26]
    [3,C]->health:200/200, Regen:10, Armour:15, Vision:15, seen_by_Starfighter:F, can_see_Starfighter:F, location:[H,28]
    [4,F]->health:150/150, Regen:5, Armour:10, Vision:10, seen_by_Starfighter:F, can_see_Starfighter:F, location:[G,30]
  Projectile:
    [-1,<]->damage:15, move:4, location:[A,19]
    [-3,<]->damage:15, move:4, location:[A,21]
    [-4,*]->damage:70, move:5, location:[E,2]
    [-5,<]->damage:15, move:4, location:[A,23]
    [-6,<]->damage:20, move:3, location:[A,25]
  Friendly Projectile Action:
  Enemy Projectile Action:
    A enemy projectile(id:-1) moves: [A,23] -> [A,19]
    A enemy projectile(id:-3) moves: [A,25] -> [A,21]
  Starfighter Action:
    The Starfighter(id:0) fires at location [E,1].
      A friendly projectile(id:-4) spawns at location [E,2].
  Enemy Action:
    A Fighter(id:2) gains 1 armour.
    A Grunt(id:1) moves: [A,26] -> [A,24]
      A enemy projectile(id:-5) spawns at location [A,23].
    A Fighter(id:2) moves: [A,29] -> [A,26]
      A enemy projectile(id:-6) spawns at location [A,25].
    A Carrier(id:3) moves: [H,30] -> [H,28]
  Natural Enemy Spawn:
    A Fighter(id:4) spawns at location [G,30].
      1  2  3  4  5  6  7  8  9 10 11 12 13 14 15 16 17 18 19 20 21 22 23 24 25 26 27 28 29 30
    A _  _  _  _  _  _  _  _  _  _  _  _  _  _  _  _  _  _  <  _  <  _  <  G  <  F  _  _  _  _
    B _  _  _  _  _  _  _  _  _  _  _  _  _  _  _  _  _  _  _  _  _  _  _  _  _  _  _  _  _  _
    C _  _  _  _  _  _  _  _  _  _  _  _  _  _  _  _  _  _  _  _  _  _  _  _  _  _  _  _  _  _
    D _  _  _  _  _  _  _  _  _  _  _  _  _  _  _  _  _  _  _  _  _  _  _  _  _  _  _  _  _  _
    E S  *  _  _  _  _  _  _  _  _  _  _  _  _  _  _  _  _  _  _  _  _  _  _  _  _  _  _  _  _
    F _  _  _  _  _  _  _  _  _  _  _  _  _  _  _  _  _  _  _  _  _  _  _  _  _  _  _  _  _  _
    G _  _  _  _  _  _  _  _  _  _  _  _  _  _  _  _  _  _  _  _  _  _  _  _  _  _  _  _  _  F
    H _  _  _  _  _  _  _  _  _  _  _  _  _  _  _  _  _  _  _  _  _  _  _  _  _  _  _  C  _  _
    I _  _  _  _  _  _  _  _  _  _  _  _  _  _  _  _  _  _  _  _  _  _  _  _  _  _  _  _  _  _
    J _  _  _  _  _  _  _  _  _  _  _  _  _  _  _  _  _  _  _  _  _  _  _  _  _  _  _  _  _  _
->pass
  state:in game(5.0), debug, ok
  Starfighter:
    [0,S]->health:70/70, energy:70/70, Regen:1/3, Armour:1, Vision:13, Move:10, Move Cost:3, location:[E,1]
      Projectile Pattern:Standard, Projectile Damage:70, Projectile Cost:5 (energy)
      Power:Recall (50 energy): Teleport back to spawn.
      score:0
  Enemy:
    [1,G]->health:130/130, Regen:1, Armour:1, Vision:5, seen_by_Starfighter:F, can_see_Starfighter:F, location:[A,22]
    [2,F]->health:150/150, Regen:5, Armour:11, Vision:10, seen_by_Starfighter:F, can_see_Starfighter:F, location:[A,25]
    [3,C]->health:200/200, Regen:10, Armour:15, Vision:15, seen_by_Starfighter:F, can_see_Starfighter:F, location:[H,26]
    [4,F]->health:150/150, Regen:5, Armour:10, Vision:10, seen_by_Starfighter:F, can_see_Starfighter:F, location:[G,27]
    [5,I]->health:50/50, Regen:0, Armour:0, Vision:5, seen_by_Starfighter:F, can_see_Starfighter:F, location:[G,26]
    [6,I]->health:50/50, Regen:0, Armour:0, Vision:5, seen_by_Starfighter:F, can_see_Starfighter:F, location:[I,26]
    [7,I]->health:50/50, Regen:0, Armour:0, Vision:5, seen_by_Starfighter:F, can_see_Starfighter:F, location:[D,30]
  Projectile:
    [-1,<]->damage:15, move:4, location:[A,15]
    [-3,<]->damage:15, move:4, location:[A,17]
    [-4,*]->damage:70, move:5, location:[E,7]
    [-5,<]->damage:15, move:4, location:[A,19]
    [-9,<]->damage:15, move:4, location:[A,21]
  Friendly Projectile Action:
    A friendly projectile(id:-4) moves: [E,2] -> [E,7]
  Enemy Projectile Action:
    A enemy projectile(id:-1) moves: [A,19] -> [A,15]
    A enemy projectile(id:-3) moves: [A,21] -> [A,17]
    A enemy projectile(id:-5) moves: [A,23] -> [A,19]
    A enemy projectile(id:-6) moves: [A,25] -> [A,24]
      The projectile collides with Grunt(id:1) at location [A,24], healing 20 damage.
  Starfighter Action:
    The Starfighter(id:0) passes at location [E,1], doubling regen rate.
  Enemy Action:
    A Grunt(id:1) gains 10 total health.
    A Fighter(id:2) moves: [A,26] -> [A,25]
      A enemy projectile(id:-7) spawns at location [A,24].
      The projectile collides with Grunt(id:1) at location [A,24], healing 100 damage.
    A Carrier(id:3) moves: [H,28] -> [H,26]
      A Interceptor(id:5) spawns at location [G,26].
      A Interceptor(id:6) spawns at location [I,26].
    A Fighter(id:4) moves: [G,30] -> [G,27]
      A enemy projectile(id:-8) spawns at location [G,26].
      The projectile collides with Interceptor(id:5) at location [G,26], healing 100 damage.
    A Grunt(id:1) moves: [A,24] -> [A,22]
      A enemy projectile(id:-9) spawns at location [A,21].
  Natural Enemy Spawn:
    A Interceptor(id:7) spawns at location [D,30].
      1  2  3  4  5  6  7  8  9 10 11 12 13 14 15 16 17 18 19 20 21 22 23 24 25 26 27 28 29 30
    A _  _  _  _  _  _  _  _  _  _  _  _  _  _  <  _  <  _  <  _  <  G  _  _  F  _  _  _  _  _
    B _  _  _  _  _  _  _  _  _  _  _  _  _  _  _  _  _  _  _  _  _  _  _  _  _  _  _  _  _  _
    C _  _  _  _  _  _  _  _  _  _  _  _  _  _  _  _  _  _  _  _  _  _  _  _  _  _  _  _  _  _
    D _  _  _  _  _  _  _  _  _  _  _  _  _  _  _  _  _  _  _  _  _  _  _  _  _  _  _  _  _  I
    E S  _  _  _  _  _  *  _  _  _  _  _  _  _  _  _  _  _  _  _  _  _  _  _  _  _  _  _  _  _
    F _  _  _  _  _  _  _  _  _  _  _  _  _  _  _  _  _  _  _  _  _  _  _  _  _  _  _  _  _  _
    G _  _  _  _  _  _  _  _  _  _  _  _  _  _  _  _  _  _  _  _  _  _  _  _  _  I  F  _  _  _
    H _  _  _  _  _  _  _  _  _  _  _  _  _  _  _  _  _  _  _  _  _  _  _  _  _  C  _  _  _  _
    I _  _  _  _  _  _  _  _  _  _  _  _  _  _  _  _  _  _  _  _  _  _  _  _  _  I  _  _  _  _
    J _  _  _  _  _  _  _  _  _  _  _  _  _  _  _  _  _  _  _  _  _  _  _  _  _  _  _  _  _  _
->fire
  state:in game(6.0), debug, ok
  Starfighter:
    [0,S]->health:70/70, energy:65/70, Regen:1/3, Armour:1, Vision:13, Move:10, Move Cost:3, location:[E,1]
      Projectile Pattern:Standard, Projectile Damage:70, Projectile Cost:5 (energy)
      Power:Recall (50 energy): Teleport back to spawn.
      score:0
  Enemy:
    [1,G]->health:130/130, Regen:1, Armour:1, Vision:5, seen_by_Starfighter:F, can_see_Starfighter:F, location:[A,20]
    [2,F]->health:150/150, Regen:5, Armour:12, Vision:10, seen_by_Starfighter:F, can_see_Starfighter:F, location:[A,22]
    [3,C]->health:200/200, Regen:10, Armour:15, Vision:15, seen_by_Starfighter:F, can_see_Starfighter:F, location:[H,24]
    [4,F]->health:150/150, Regen:5, Armour:11, Vision:10, seen_by_Starfighter:F, can_see_Starfighter:F, location:[G,24]
    [5,I]->health:50/50, Regen:0, Armour:0, Vision:5, seen_by_Starfighter:F, can_see_Starfighter:F, location:[E,26]
    [6,I]->health:50/50, Regen:0, Armour:0, Vision:5, seen_by_Starfighter:F, can_see_Starfighter:F, location:[I,26]
    [7,I]->health:50/50, Regen:0, Armour:0, Vision:5, seen_by_Starfighter:F, can_see_Starfighter:F, location:[E,30]
    [8,C]->health:200/200, Regen:10, Armour:15, Vision:15, seen_by_Starfighter:F, can_see_Starfighter:F, location:[F,30]
  Projectile:
    [-1,<]->damage:15, move:4, location:[A,11]
    [-3,<]->damage:15, move:4, location:[A,13]
    [-4,*]->damage:70, move:5, location:[E,12]
    [-5,<]->damage:15, move:4, location:[A,15]
    [-9,<]->damage:15, move:4, location:[A,17]
    [-10,*]->damage:70, move:5, location:[E,2]
    [-11,<]->damage:15, move:4, location:[A,19]
    [-12,<]->damage:20, move:3, location:[A,21]
    [-13,<]->damage:20, move:3, location:[G,23]
  Friendly Projectile Action:
    A friendly projectile(id:-4) moves: [E,7] -> [E,12]
  Enemy Projectile Action:
    A enemy projectile(id:-1) moves: [A,15] -> [A,11]
    A enemy projectile(id:-3) moves: [A,17] -> [A,13]
    A enemy projectile(id:-5) moves: [A,19] -> [A,15]
    A enemy projectile(id:-9) moves: [A,21] -> [A,17]
  Starfighter Action:
    The Starfighter(id:0) fires at location [E,1].
      A friendly projectile(id:-10) spawns at location [E,2].
  Enemy Action:
    A Fighter(id:2) gains 1 armour.
    A Fighter(id:4) gains 1 armour.
    A Interceptor(id:5) moves: [G,26] -> [E,26]
    A Interceptor(id:6) stays at: [I,26]
    A Interceptor(id:7) moves: [D,30] -> [E,30]
    A Grunt(id:1) moves: [A,22] -> [A,20]
      A enemy projectile(id:-11) spawns at location [A,19].
    A Fighter(id:2) moves: [A,25] -> [A,22]
      A enemy projectile(id:-12) spawns at location [A,21].
    A Carrier(id:3) moves: [H,26] -> [H,24]
    A Fighter(id:4) moves: [G,27] -> [G,24]
      A enemy projectile(id:-13) spawns at location [G,23].
  Natural Enemy Spawn:
    A Carrier(id:8) spawns at location [F,30].
      1  2  3  4  5  6  7  8  9 10 11 12 13 14 15 16 17 18 19 20 21 22 23 24 25 26 27 28 29 30
    A _  _  _  _  _  _  _  _  _  _  <  _  <  _  <  _  <  _  <  G  <  F  _  _  _  _  _  _  _  _
    B _  _  _  _  _  _  _  _  _  _  _  _  _  _  _  _  _  _  _  _  _  _  _  _  _  _  _  _  _  _
    C _  _  _  _  _  _  _  _  _  _  _  _  _  _  _  _  _  _  _  _  _  _  _  _  _  _  _  _  _  _
    D _  _  _  _  _  _  _  _  _  _  _  _  _  _  _  _  _  _  _  _  _  _  _  _  _  _  _  _  _  _
    E S  *  _  _  _  _  _  _  _  _  _  *  _  _  _  _  _  _  _  _  _  _  _  _  _  I  _  _  _  I
    F _  _  _  _  _  _  _  _  _  _  _  _  _  _  _  _  _  _  _  _  _  _  _  _  _  _  _  _  _  C
    G _  _  _  _  _  _  _  _  _  _  _  _  _  _  _  _  _  _  _  _  _  _  <  F  _  _  _  _  _  _
    H _  _  _  _  _  _  _  _  _  _  _  _  _  _  _  _  _  _  _  _  _  _  _  C  _  _  _  _  _  _
    I _  _  _  _  _  _  _  _  _  _  _  _  _  _  _  _  _  _  _  _  _  _  _  _  _  I  _  _  _  _
    J _  _  _  _  _  _  _  _  _  _  _  _  _  _  _  _  _  _  _  _  _  _  _  _  _  _  _  _  _  _
->pass
  state:in game(7.0), debug, ok
  Starfighter:
    [0,S]->health:70/70, energy:70/70, Regen:1/3, Armour:1, Vision:13, Move:10, Move Cost:3, location:[E,1]
      Projectile Pattern:Standard, Projectile Damage:70, Projectile Cost:5 (energy)
      Power:Recall (50 energy): Teleport back to spawn.
      score:0
  Enemy:
    [1,G]->health:140/140, Regen:1, Armour:1, Vision:5, seen_by_Starfighter:F, can_see_Starfighter:F, location:[A,18]
    [2,F]->health:150/150, Regen:5, Armour:12, Vision:10, seen_by_Starfighter:F, can_see_Starfighter:F, location:[A,21]
    [3,C]->health:200/200, Regen:10, Armour:15, Vision:15, seen_by_Starfighter:F, can_see_Starfighter:F, location:[H,22]
    [4,F]->health:150/150, Regen:5, Armour:11, Vision:10, seen_by_Starfighter:F, can_see_Starfighter:F, location:[G,23]
    [5,I]->health:50/50, Regen:0, Armour:0, Vision:5, seen_by_Starfighter:F, can_see_Starfighter:F, location:[E,23]
    [6,I]->health:50/50, Regen:0, Armour:0, Vision:5, seen_by_Starfighter:F, can_see_Starfighter:F, location:[I,23]
    [7,I]->health:50/50, Regen:0, Armour:0, Vision:5, seen_by_Starfighter:F, can_see_Starfighter:F, location:[E,29]
    [8,C]->health:200/200, Regen:10, Armour:15, Vision:15, seen_by_Starfighter:F, can_see_Starfighter:F, location:[F,28]
    [9,I]->health:50/50, Regen:0, Armour:0, Vision:5, seen_by_Starfighter:F, can_see_Starfighter:F, location:[G,22]
    [10,I]->health:50/50, Regen:0, Armour:0, Vision:5, seen_by_Starfighter:F, can_see_Starfighter:F, location:[I,22]
    [11,I]->health:50/50, Regen:0, Armour:0, Vision:5, seen_by_Starfighter:F, can_see_Starfighter:F, location:[E,28]
    [12,I]->health:50/50, Regen:0, Armour:0, Vision:5, seen_by_Starfighter:F, can_see_Starfighter:F, location:[G,28]
    [13,C]->health:200/200, Regen:10, Armour:15, Vision:15, seen_by_Starfighter:F, can_see_Starfighter:F, location:[B,30]
  Projectile:
    [-1,<]->damage:15, move:4, location:[A,7]
    [-3,<]->damage:15, move:4, location:[A,9]
    [-4,*]->damage:70, move:5, location:[E,17]
    [-5,<]->damage:15, move:4, location:[A,11]
    [-9,<]->damage:15, move:4, location:[A,13]
    [-10,*]->damage:70, move:5, location:[E,7]
    [-11,<]->damage:15, move:4, location:[A,15]
    [-13,<]->damage:20, move:3, location:[G,20]
    [-16,<]->damage:15, move:4, location:[A,17]
  Friendly Projectile Action:
    A friendly projectile(id:-4) moves: [E,12] -> [E,17]
    A friendly projectile(id:-10) moves: [E,2] -> [E,7]
  Enemy Projectile Action:
    A enemy projectile(id:-1) moves: [A,11] -> [A,7]
    A enemy projectile(id:-3) moves: [A,13] -> [A,9]
    A enemy projectile(id:-5) moves: [A,15] -> [A,11]
    A enemy projectile(id:-9) moves: [A,17] -> [A,13]
    A enemy projectile(id:-11) moves: [A,19] -> [A,15]
    A enemy projectile(id:-12) moves: [A,21] -> [A,20]
      The projectile collides with Grunt(id:1) at location [A,20], healing 20 damage.
    A enemy projectile(id:-13) moves: [G,23] -> [G,20]
  Starfighter Action:
    The Starfighter(id:0) passes at location [E,1], doubling regen rate.
  Enemy Action:
    A Grunt(id:1) gains 10 total health.
    A Fighter(id:2) moves: [A,22] -> [A,21]
      A enemy projectile(id:-14) spawns at location [A,20].
      The projectile collides with Grunt(id:1) at location [A,20], healing 100 damage.
    A Carrier(id:3) moves: [H,24] -> [H,22]
      A Interceptor(id:9) spawns at location [G,22].
      A Interceptor(id:10) spawns at location [I,22].
    A Fighter(id:4) moves: [G,24] -> [G,23]
      A enemy projectile(id:-15) spawns at location [G,22].
      The projectile collides with Interceptor(id:9) at location [G,22], healing 100 damage.
    A Carrier(id:8) moves: [F,30] -> [F,28]
      A Interceptor(id:11) spawns at location [E,28].
      A Interceptor(id:12) spawns at location [G,28].
    A Grunt(id:1) moves: [A,20] -> [A,18]
      A enemy projectile(id:-16) spawns at location [A,17].
    A Interceptor(id:5) moves: [E,26] -> [E,23]
    A Interceptor(id:6) moves: [I,26] -> [I,23]
    A Interceptor(id:7) moves: [E,30] -> [E,29]
  Natural Enemy Spawn:
    A Carrier(id:13) spawns at location [B,30].
      1  2  3  4  5  6  7  8  9 10 11 12 13 14 15 16 17 18 19 20 21 22 23 24 25 26 27 28 29 30
    A _  _  _  _  _  _  <  _  <  _  <  _  <  _  <  _  <  G  _  _  F  _  _  _  _  _  _  _  _  _
    B _  _  _  _  _  _  _  _  _  _  _  _  _  _  _  _  _  _  _  _  _  _  _  _  _  _  _  _  _  C
    C _  _  _  _  _  _  _  _  _  _  _  _  _  _  _  _  _  _  _  _  _  _  _  _  _  _  _  _  _  _
    D _  _  _  _  _  _  _  _  _  _  _  _  _  _  _  _  _  _  _  _  _  _  _  _  _  _  _  _  _  _
    E S  _  _  _  _  _  *  _  _  _  _  _  _  _  _  _  *  _  _  _  _  _  I  _  _  _  _  I  I  _
    F _  _  _  _  _  _  _  _  _  _  _  _  _  _  _  _  _  _  _  _  _  _  _  _  _  _  _  C  _  _
    G _  _  _  _  _  _  _  _  _  _  _  _  _  _  _  _  _  _  _  <  _  I  F  _  _  _  _  I  _  _
    H _  _  _  _  _  _  _  _  _  _  _  _  _  _  _  _  _  _  _  _  _  C  _  _  _  _  _  _  _  _
    I _  _  _  _  _  _  _  _  _  _  _  _  _  _  _  _  _  _  _  _  _  I  I  _  _  _  _  _  _  _
    J _  _  _  _  _  _  _  _  _  _  _  _  _  _  _  _  _  _  _  _  _  _  _  _  _  _  _  _  _  _
->fire
  state:in game(8.0), debug, ok
  Starfighter:
    [0,S]->health:70/70, energy:65/70, Regen:1/3, Armour:1, Vision:13, Move:10, Move Cost:3, location:[E,1]
      Projectile Pattern:Standard, Projectile Damage:70, Projectile Cost:5 (energy)
      Power:Recall (50 energy): Teleport back to spawn.
      score:1
  Enemy:
    [1,G]->health:140/140, Regen:1, Armour:1, Vision:5, seen_by_Starfighter:F, can_see_Starfighter:F, location:[A,16]
    [2,F]->health:150/150, Regen:5, Armour:13, Vision:10, seen_by_Starfighter:F, can_see_Starfighter:F, location:[A,18]
    [3,C]->health:200/200, Regen:10, Armour:15, Vision:15, seen_by_Starfighter:F, can_see_Starfighter:F, location:[H,20]
    [4,F]->health:150/150, Regen:5, Armour:12, Vision:10, seen_by_Starfighter:F, can_see_Starfighter:F, location:[G,20]
    [5,I]->health:50/50, Regen:0, Armour:0, Vision:5, seen_by_Starfighter:F, can_see_Starfighter:F, location:[E,23]
    [6,I]->health:50/50, Regen:0, Armour:0, Vision:5, seen_by_Starfighter:F, can_see_Starfighter:F, location:[H,23]
    [7,I]->health:50/50, Regen:0, Armour:0, Vision:5, seen_by_Starfighter:F, can_see_Starfighter:F, location:[E,29]
    [8,C]->health:200/200, Regen:10, Armour:15, Vision:15, seen_by_Starfighter:F, can_see_Starfighter:F, location:[F,26]
    [10,I]->health:50/50, Regen:0, Armour:0, Vision:5, seen_by_Starfighter:F, can_see_Starfighter:F, location:[I,22]
    [11,I]->health:50/50, Regen:0, Armour:0, Vision:5, seen_by_Starfighter:F, can_see_Starfighter:F, location:[E,28]
    [12,I]->health:50/50, Regen:0, Armour:0, Vision:5, seen_by_Starfighter:F, can_see_Starfighter:F, location:[G,28]
    [13,C]->health:200/200, Regen:10, Armour:15, Vision:15, seen_by_Starfighter:F, can_see_Starfighter:F, location:[B,28]
    [14,F]->health:150/150, Regen:5, Armour:10, Vision:10, seen_by_Starfighter:F, can_see_Starfighter:F, location:[E,30]
  Projectile:
    [-1,<]->damage:15, move:4, location:[A,3]
    [-3,<]->damage:15, move:4, location:[A,5]
    [-5,<]->damage:15, move:4, location:[A,7]
    [-9,<]->damage:15, move:4, location:[A,9]
    [-10,*]->damage:70, move:5, location:[E,12]
    [-11,<]->damage:15, move:4, location:[A,11]
    [-13,<]->damage:20, move:3, location:[G,17]
    [-16,<]->damage:15, move:4, location:[A,13]
    [-17,*]->damage:70, move:5, location:[E,2]
    [-18,<]->damage:15, move:4, location:[A,15]
    [-19,<]->damage:20, move:3, location:[A,17]
    [-20,<]->damage:20, move:3, location:[G,19]
  Friendly Projectile Action:
    A friendly projectile(id:-4) moves: [E,17] -> [E,22]
    A friendly projectile(id:-10) moves: [E,7] -> [E,12]
  Enemy Projectile Action:
    A enemy projectile(id:-1) moves: [A,7] -> [A,3]
    A enemy projectile(id:-3) moves: [A,9] -> [A,5]
    A enemy projectile(id:-5) moves: [A,11] -> [A,7]
    A enemy projectile(id:-9) moves: [A,13] -> [A,9]
    A enemy projectile(id:-11) moves: [A,15] -> [A,11]
    A enemy projectile(id:-13) moves: [G,20] -> [G,17]
    A enemy projectile(id:-16) moves: [A,17] -> [A,13]
  Starfighter Action:
    The Starfighter(id:0) fires at location [E,1].
      A friendly projectile(id:-17) spawns at location [E,2].
  Enemy Action:
    A Fighter(id:2) gains 1 armour.
    A Fighter(id:4) gains 1 armour.
    A Interceptor(id:5) stays at: [E,23]
    A Interceptor(id:6) moves: [I,23] -> [H,23]
    A Interceptor(id:7) stays at: [E,29]
    A Interceptor(id:9) moves: [G,22] -> [E,22]
      The Interceptor collides with friendly projectile(id:-4) at location [E,22], taking 70 damage.
      The Interceptor at location [E,22] has been destroyed.
    A Interceptor(id:10) stays at: [I,22]
    A Interceptor(id:11) stays at: [E,28]
    A Interceptor(id:12) stays at: [G,28]
    A Grunt(id:1) moves: [A,18] -> [A,16]
      A enemy projectile(id:-18) spawns at location [A,15].
    A Fighter(id:2) moves: [A,21] -> [A,18]
      A enemy projectile(id:-19) spawns at location [A,17].
    A Carrier(id:3) moves: [H,22] -> [H,20]
    A Fighter(id:4) moves: [G,23] -> [G,20]
      A enemy projectile(id:-20) spawns at location [G,19].
    A Carrier(id:8) moves: [F,28] -> [F,26]
    A Carrier(id:13) moves: [B,30] -> [B,28]
  Natural Enemy Spawn:
    A Fighter(id:14) spawns at location [E,30].
      1  2  3  4  5  6  7  8  9 10 11 12 13 14 15 16 17 18 19 20 21 22 23 24 25 26 27 28 29 30
    A _  _  <  _  <  _  <  _  <  _  <  _  <  _  <  G  <  F  _  _  _  _  _  _  _  _  _  _  _  _
    B _  _  _  _  _  _  _  _  _  _  _  _  _  _  _  _  _  _  _  _  _  _  _  _  _  _  _  C  _  _
    C _  _  _  _  _  _  _  _  _  _  _  _  _  _  _  _  _  _  _  _  _  _  _  _  _  _  _  _  _  _
    D _  _  _  _  _  _  _  _  _  _  _  _  _  _  _  _  _  _  _  _  _  _  _  _  _  _  _  _  _  _
    E S  *  _  _  _  _  _  _  _  _  _  *  _  _  _  _  _  _  _  _  _  _  I  _  _  _  _  I  I  F
    F _  _  _  _  _  _  _  _  _  _  _  _  _  _  _  _  _  _  _  _  _  _  _  _  _  C  _  _  _  _
    G _  _  _  _  _  _  _  _  _  _  _  _  _  _  _  _  <  _  <  F  _  _  _  _  _  _  _  I  _  _
    H _  _  _  _  _  _  _  _  _  _  _  _  _  _  _  _  _  _  _  C  _  _  I  _  _  _  _  _  _  _
    I _  _  _  _  _  _  _  _  _  _  _  _  _  _  _  _  _  _  _  _  _  I  _  _  _  _  _  _  _  _
    J _  _  _  _  _  _  _  _  _  _  _  _  _  _  _  _  _  _  _  _  _  _  _  _  _  _  _  _  _  _
->pass
  state:in game(9.0), debug, ok
  Starfighter:
    [0,S]->health:70/70, energy:70/70, Regen:1/3, Armour:1, Vision:13, Move:10, Move Cost:3, location:[E,1]
      Projectile Pattern:Standard, Projectile Damage:70, Projectile Cost:5 (energy)
      Power:Recall (50 energy): Teleport back to spawn.
      score:1
  Enemy:
    [1,G]->health:150/150, Regen:1, Armour:1, Vision:5, seen_by_Starfighter:F, can_see_Starfighter:F, location:[A,14]
    [2,F]->health:150/150, Regen:5, Armour:13, Vision:10, seen_by_Starfighter:F, can_see_Starfighter:F, location:[A,17]
    [3,C]->health:200/200, Regen:10, Armour:15, Vision:15, seen_by_Starfighter:F, can_see_Starfighter:F, location:[H,18]
    [4,F]->health:150/150, Regen:5, Armour:12, Vision:10, seen_by_Starfighter:F, can_see_Starfighter:F, location:[G,19]
    [5,I]->health:50/50, Regen:0, Armour:0, Vision:5, seen_by_Starfighter:F, can_see_Starfighter:F, location:[E,20]
    [6,I]->health:50/50, Regen:0, Armour:0, Vision:5, seen_by_Starfighter:F, can_see_Starfighter:F, location:[H,20]
    [7,I]->health:50/50, Regen:0, Armour:0, Vision:5, seen_by_Starfighter:F, can_see_Starfighter:F, location:[E,29]
    [8,C]->health:200/200, Regen:10, Armour:15, Vision:15, seen_by_Starfighter:F, can_see_Starfighter:F, location:[F,24]
    [10,I]->health:50/50, Regen:0, Armour:0, Vision:5, seen_by_Starfighter:F, can_see_Starfighter:F, location:[I,19]
    [11,I]->health:50/50, Regen:0, Armour:0, Vision:5, seen_by_Starfighter:F, can_see_Starfighter:F, location:[E,25]
    [12,I]->health:50/50, Regen:0, Armour:0, Vision:5, seen_by_Starfighter:F, can_see_Starfighter:F, location:[G,25]
    [13,C]->health:200/200, Regen:10, Armour:15, Vision:15, seen_by_Starfighter:F, can_see_Starfighter:F, location:[B,26]
    [14,F]->health:150/150, Regen:5, Armour:10, Vision:10, seen_by_Starfighter:F, can_see_Starfighter:F, location:[E,30]
    [15,I]->health:50/50, Regen:0, Armour:0, Vision:5, seen_by_Starfighter:F, can_see_Starfighter:F, location:[G,18]
    [16,I]->health:50/50, Regen:0, Armour:0, Vision:5, seen_by_Starfighter:F, can_see_Starfighter:F, location:[I,18]
    [17,I]->health:50/50, Regen:0, Armour:0, Vision:5, seen_by_Starfighter:F, can_see_Starfighter:F, location:[E,24]
    [18,I]->health:50/50, Regen:0, Armour:0, Vision:5, seen_by_Starfighter:F, can_see_Starfighter:F, location:[G,24]
    [19,I]->health:50/50, Regen:0, Armour:0, Vision:5, seen_by_Starfighter:F, can_see_Starfighter:F, location:[A,26]
    [20,I]->health:50/50, Regen:0, Armour:0, Vision:5, seen_by_Starfighter:F, can_see_Starfighter:F, location:[C,26]
    [21,G]->health:100/100, Regen:1, Armour:1, Vision:5, seen_by_Starfighter:F, can_see_Starfighter:F, location:[C,30]
  Projectile:
    [-3,<]->damage:15, move:4, location:[A,1]
    [-5,<]->damage:15, move:4, location:[A,3]
    [-9,<]->damage:15, move:4, location:[A,5]
    [-10,*]->damage:70, move:5, location:[E,17]
    [-11,<]->damage:15, move:4, location:[A,7]
    [-13,<]->damage:20, move:3, location:[G,14]
    [-16,<]->damage:15, move:4, location:[A,9]
    [-17,*]->damage:70, move:5, location:[E,7]
    [-18,<]->damage:15, move:4, location:[A,11]
    [-20,<]->damage:20, move:3, location:[G,16]
    [-24,<]->damage:15, move:4, location:[A,13]
  Friendly Projectile Action:
    A friendly projectile(id:-10) moves: [E,12] -> [E,17]
    A friendly projectile(id:-17) moves: [E,2] -> [E,7]
  Enemy Projectile Action:
    A enemy projectile(id:-1) moves: [A,3] -> out of board
    A enemy projectile(id:-3) moves: [A,5] -> [A,1]
    A enemy projectile(id:-5) moves: [A,7] -> [A,3]
    A enemy projectile(id:-9) moves: [A,9] -> [A,5]
    A enemy projectile(id:-11) moves: [A,11] -> [A,7]
    A enemy projectile(id:-13) moves: [G,17] -> [G,14]
    A enemy projectile(id:-16) moves: [A,13] -> [A,9]
    A enemy projectile(id:-18) moves: [A,15] -> [A,11]
    A enemy projectile(id:-19) moves: [A,17] -> [A,16]
      The projectile collides with Grunt(id:1) at location [A,16], healing 20 damage.
    A enemy projectile(id:-20) moves: [G,19] -> [G,16]
  Starfighter Action:
    The Starfighter(id:0) passes at location [E,1], doubling regen rate.
  Enemy Action:
    A Grunt(id:1) gains 10 total health.
    A Fighter(id:2) moves: [A,18] -> [A,17]
      A enemy projectile(id:-21) spawns at location [A,16].
      The projectile collides with Grunt(id:1) at location [A,16], healing 100 damage.
    A Carrier(id:3) moves: [H,20] -> [H,18]
      A Interceptor(id:15) spawns at location [G,18].
      A Interceptor(id:16) spawns at location [I,18].
    A Fighter(id:4) moves: [G,20] -> [G,19]
      A enemy projectile(id:-22) spawns at location [G,18].
      The projectile collides with Interceptor(id:15) at location [G,18], healing 100 damage.
    A Carrier(id:8) moves: [F,26] -> [F,24]
      A Interceptor(id:17) spawns at location [E,24].
      A Interceptor(id:18) spawns at location [G,24].
    A Carrier(id:13) moves: [B,28] -> [B,26]
      A Interceptor(id:19) spawns at location [A,26].
      A Interceptor(id:20) spawns at location [C,26].
    A Fighter(id:14) stays at: [E,30]
      A enemy projectile(id:-23) spawns at location [E,29].
      The projectile collides with Interceptor(id:7) at location [E,29], healing 100 damage.
    A Grunt(id:1) moves: [A,16] -> [A,14]
      A enemy projectile(id:-24) spawns at location [A,13].
    A Interceptor(id:5) moves: [E,23] -> [E,20]
    A Interceptor(id:6) moves: [H,23] -> [H,20]
    A Interceptor(id:7) stays at: [E,29]
    A Interceptor(id:10) moves: [I,22] -> [I,19]
    A Interceptor(id:11) moves: [E,28] -> [E,25]
    A Interceptor(id:12) moves: [G,28] -> [G,25]
  Natural Enemy Spawn:
    A Grunt(id:21) spawns at location [C,30].
      1  2  3  4  5  6  7  8  9 10 11 12 13 14 15 16 17 18 19 20 21 22 23 24 25 26 27 28 29 30
    A <  _  <  _  <  _  <  _  <  _  <  _  <  G  _  _  F  _  _  _  _  _  _  _  _  I  _  _  _  _
    B _  _  _  _  _  _  _  _  _  _  _  _  _  _  _  _  _  _  _  _  _  _  _  _  _  C  _  _  _  _
    C _  _  _  _  _  _  _  _  _  _  _  _  _  _  _  _  _  _  _  _  _  _  _  _  _  I  _  _  _  G
    D _  _  _  _  _  _  _  _  _  _  _  _  _  _  _  _  _  _  _  _  _  _  _  _  _  _  _  _  _  _
    E S  _  _  _  _  _  *  _  _  _  _  _  _  _  _  _  *  _  _  I  _  _  _  I  I  _  _  _  I  F
    F _  _  _  _  _  _  _  _  _  _  _  _  _  _  _  _  _  _  _  _  _  _  _  C  _  _  _  _  _  _
    G _  _  _  _  _  _  _  _  _  _  _  _  _  <  _  <  _  I  F  _  _  _  _  I  I  _  _  _  _  _
    H _  _  _  _  _  _  _  _  _  _  _  _  _  _  _  _  _  C  _  I  _  _  _  _  _  _  _  _  _  _
    I _  _  _  _  _  _  _  _  _  _  _  _  _  _  _  _  _  I  I  _  _  _  _  _  _  _  _  _  _  _
    J _  _  _  _  _  _  _  _  _  _  _  _  _  _  _  _  _  _  _  _  _  _  _  _  _  _  _  _  _  _
