  Welcome to Space Defender Version 1.
->play(5,10,13,1)
  state:1.0, ok
      1  2  3  4  5  6  7  8  9 10
    A _  _  _  _  _  _  _  _  _  _
    B _  _  _  _  _  _  _  _  _  _
    C S  _  _  _  _  _  _  _  _  _
    D _  _  _  _  _  _  _  _  _  _
    E _  _  _  _  _  _  _  _  _  _
->move(A,1)
  state:2.0, ok
  The Starfighter moves: [C,1] -> [A,1]
      1  2  3  4  5  6  7  8  9 10
    A S  _  _  _  _  _  _  _  _  _
    B _  _  _  _  _  _  _  _  _  _
    C _  _  _  _  _  _  _  _  _  _
    D _  _  _  _  _  _  _  _  _  _
    E _  _  _  _  _  _  _  _  _  _
->move(E,10)
  state:3.0, ok
  The Starfighter moves: [A,1] -> [E,10]
      1  2  3  4  5  6  7  8  9 10
    A _  _  _  _  _  _  _  _  _  _
    B _  _  _  _  _  _  _  _  _  _
    C _  _  _  _  _  _  _  _  _  _
    D _  _  _  _  _  _  _  _  _  _
    E _  _  _  _  _  _  _  _  _  S
->move(A,1)
  state:4.0, ok
  The Starfighter moves: [E,10] -> [A,1]
      1  2  3  4  5  6  7  8  9 10
    A S  _  _  _  _  _  _  _  _  _
    B _  _  _  _  _  _  _  _  _  _
    C _  _  _  _  _  _  _  _  _  _
    D _  _  _  _  _  _  _  _  _  _
    E _  _  _  _  _  _  _  _  _  _
->move(E,1)
  state:5.0, ok
  The Starfighter moves: [A,1] -> [E,1]
      1  2  3  4  5  6  7  8  9 10
    A _  _  _  _  _  _  _  _  _  _
    B _  _  _  _  _  _  _  _  _  _
    C _  _  _  _  _  _  _  _  _  _
    D _  _  _  _  _  _  _  _  _  _
    E S  _  _  _  _  _  _  _  _  _
->move(A,10)
  state:6.0, ok
  The Starfighter moves: [E,1] -> [A,10]
      1  2  3  4  5  6  7  8  9 10
    A _  _  _  _  _  _  _  _  _  S
    B _  _  _  _  _  _  _  _  _  _
    C _  _  _  _  _  _  _  _  _  _
    D _  _  _  _  _  _  _  _  _  _
    E _  _  _  _  _  _  _  _  _  _
->move(E,1)
  state:7.0, ok
  The Starfighter moves: [A,10] -> [E,1]
      1  2  3  4  5  6  7  8  9 10
    A _  _  _  _  _  _  _  _  _  _
    B _  _  _  _  _  _  _  _  _  _
    C _  _  _  _  _  _  _  _  _  _
    D _  _  _  _  _  _  _  _  _  _
    E S  _  _  _  _  _  _  _  _  _
->abort
  state:8.0, ok
  Game has been exited.
->play(5,10,12,1)
  state:9.0, ok
      1  2  3  4  5  6  7  8  9 10
    A _  _  _  _  _  _  _  _  _  _
    B _  _  _  _  _  _  _  _  _  _
    C S  _  _  _  _  _  _  _  _  _
    D _  _  _  _  _  _  _  _  _  _
    E _  _  _  _  _  _  _  _  _  _
->move(A,1)
  state:10.0, ok
  The Starfighter moves: [C,1] -> [A,1]
      1  2  3  4  5  6  7  8  9 10
    A S  _  _  _  _  _  _  _  _  _
    B _  _  _  _  _  _  _  _  _  _
    C _  _  _  _  _  _  _  _  _  _
    D _  _  _  _  _  _  _  _  _  _
    E _  _  _  _  _  _  _  _  _  _
->move(E,9)
  state:11.0, ok
  The Starfighter moves: [A,1] -> [E,9]
      1  2  3  4  5  6  7  8  9 10
    A _  _  _  _  _  _  _  _  _  _
    B _  _  _  _  _  _  _  _  _  _
    C _  _  _  _  _  _  _  _  _  _
    D _  _  _  _  _  _  _  _  _  _
    E _  _  _  _  _  _  _  _  S  _
->move(A,1)
  state:12.0, ok
  The Starfighter moves: [E,9] -> [A,1]
      1  2  3  4  5  6  7  8  9 10
    A S  _  _  _  _  _  _  _  _  _
    B _  _  _  _  _  _  _  _  _  _
    C _  _  _  _  _  _  _  _  _  _
    D _  _  _  _  _  _  _  _  _  _
    E _  _  _  _  _  _  _  _  _  _
->move(D,10)
  state:13.0, ok
  The Starfighter moves: [A,1] -> [D,10]
      1  2  3  4  5  6  7  8  9 10
    A _  _  _  _  _  _  _  _  _  _
    B _  _  _  _  _  _  _  _  _  _
    C _  _  _  _  _  _  _  _  _  _
    D _  _  _  _  _  _  _  _  _  S
    E _  _  _  _  _  _  _  _  _  _
->move(A,1)
  state:14.0, ok
  The Starfighter moves: [D,10] -> [A,1]
      1  2  3  4  5  6  7  8  9 10
    A S  _  _  _  _  _  _  _  _  _
    B _  _  _  _  _  _  _  _  _  _
    C _  _  _  _  _  _  _  _  _  _
    D _  _  _  _  _  _  _  _  _  _
    E _  _  _  _  _  _  _  _  _  _
->move(E,10)
  state:14.1, error
  The location to move to is out of the Starfighter's movement range.
->move(A,10)
  state:15.0, ok
  The Starfighter moves: [A,1] -> [A,10]
      1  2  3  4  5  6  7  8  9 10
    A _  _  _  _  _  _  _  _  _  S
    B _  _  _  _  _  _  _  _  _  _
    C _  _  _  _  _  _  _  _  _  _
    D _  _  _  _  _  _  _  _  _  _
    E _  _  _  _  _  _  _  _  _  _
->move(E,10)
  state:16.0, ok
  The Starfighter moves: [A,10] -> [E,10]
      1  2  3  4  5  6  7  8  9 10
    A _  _  _  _  _  _  _  _  _  _
    B _  _  _  _  _  _  _  _  _  _
    C _  _  _  _  _  _  _  _  _  _
    D _  _  _  _  _  _  _  _  _  _
    E _  _  _  _  _  _  _  _  _  S
->move(A,2)
  state:17.0, ok
  The Starfighter moves: [E,10] -> [A,2]
      1  2  3  4  5  6  7  8  9 10
    A _  S  _  _  _  _  _  _  _  _
    B _  _  _  _  _  _  _  _  _  _
    C _  _  _  _  _  _  _  _  _  _
    D _  _  _  _  _  _  _  _  _  _
    E _  _  _  _  _  _  _  _  _  _
->move(E,10)
  state:18.0, ok
  The Starfighter moves: [A,2] -> [E,10]
      1  2  3  4  5  6  7  8  9 10
    A _  _  _  _  _  _  _  _  _  _
    B _  _  _  _  _  _  _  _  _  _
    C _  _  _  _  _  _  _  _  _  _
    D _  _  _  _  _  _  _  _  _  _
    E _  _  _  _  _  _  _  _  _  S
->move(B,1)
  state:19.0, ok
  The Starfighter moves: [E,10] -> [B,1]
      1  2  3  4  5  6  7  8  9 10
    A _  _  _  _  _  _  _  _  _  _
    B S  _  _  _  _  _  _  _  _  _
    C _  _  _  _  _  _  _  _  _  _
    D _  _  _  _  _  _  _  _  _  _
    E _  _  _  _  _  _  _  _  _  _
->move(E,10)
  state:20.0, ok
  The Starfighter moves: [B,1] -> [E,10]
      1  2  3  4  5  6  7  8  9 10
    A _  _  _  _  _  _  _  _  _  _
    B _  _  _  _  _  _  _  _  _  _
    C _  _  _  _  _  _  _  _  _  _
    D _  _  _  _  _  _  _  _  _  _
    E _  _  _  _  _  _  _  _  _  S
->move(A,1)
  state:20.1, error
  The location to move to is out of the Starfighter's movement range.
->move(E,1)
  state:21.0, ok
  The Starfighter moves: [E,10] -> [E,1]
      1  2  3  4  5  6  7  8  9 10
    A _  _  _  _  _  _  _  _  _  _
    B _  _  _  _  _  _  _  _  _  _
    C _  _  _  _  _  _  _  _  _  _
    D _  _  _  _  _  _  _  _  _  _
    E S  _  _  _  _  _  _  _  _  _
->move(A,9)
  state:22.0, ok
  The Starfighter moves: [E,1] -> [A,9]
      1  2  3  4  5  6  7  8  9 10
    A _  _  _  _  _  _  _  _  S  _
    B _  _  _  _  _  _  _  _  _  _
    C _  _  _  _  _  _  _  _  _  _
    D _  _  _  _  _  _  _  _  _  _
    E _  _  _  _  _  _  _  _  _  _
->move(E,1)
  state:23.0, ok
  The Starfighter moves: [A,9] -> [E,1]
      1  2  3  4  5  6  7  8  9 10
    A _  _  _  _  _  _  _  _  _  _
    B _  _  _  _  _  _  _  _  _  _
    C _  _  _  _  _  _  _  _  _  _
    D _  _  _  _  _  _  _  _  _  _
    E S  _  _  _  _  _  _  _  _  _
->move(B,10)
  state:24.0, ok
  The Starfighter moves: [E,1] -> [B,10]
      1  2  3  4  5  6  7  8  9 10
    A _  _  _  _  _  _  _  _  _  _
    B _  _  _  _  _  _  _  _  _  S
    C _  _  _  _  _  _  _  _  _  _
    D _  _  _  _  _  _  _  _  _  _
    E _  _  _  _  _  _  _  _  _  _
->move(E,1)
  state:25.0, ok
  The Starfighter moves: [B,10] -> [E,1]
      1  2  3  4  5  6  7  8  9 10
    A _  _  _  _  _  _  _  _  _  _
    B _  _  _  _  _  _  _  _  _  _
    C _  _  _  _  _  _  _  _  _  _
    D _  _  _  _  _  _  _  _  _  _
    E S  _  _  _  _  _  _  _  _  _
->move(A,10)
  state:25.1, error
  The location to move to is out of the Starfighter's movement range.
->move(A,1)
  state:26.0, ok
  The Starfighter moves: [E,1] -> [A,1]
      1  2  3  4  5  6  7  8  9 10
    A S  _  _  _  _  _  _  _  _  _
    B _  _  _  _  _  _  _  _  _  _
    C _  _  _  _  _  _  _  _  _  _
    D _  _  _  _  _  _  _  _  _  _
    E _  _  _  _  _  _  _  _  _  _
->move(A,10)
  state:27.0, ok
  The Starfighter moves: [A,1] -> [A,10]
      1  2  3  4  5  6  7  8  9 10
    A _  _  _  _  _  _  _  _  _  S
    B _  _  _  _  _  _  _  _  _  _
    C _  _  _  _  _  _  _  _  _  _
    D _  _  _  _  _  _  _  _  _  _
    E _  _  _  _  _  _  _  _  _  _
->move(E,2)
  state:28.0, ok
  The Starfighter moves: [A,10] -> [E,2]
      1  2  3  4  5  6  7  8  9 10
    A _  _  _  _  _  _  _  _  _  _
    B _  _  _  _  _  _  _  _  _  _
    C _  _  _  _  _  _  _  _  _  _
    D _  _  _  _  _  _  _  _  _  _
    E _  S  _  _  _  _  _  _  _  _
->move(A,10)
  state:29.0, ok
  The Starfighter moves: [E,2] -> [A,10]
      1  2  3  4  5  6  7  8  9 10
    A _  _  _  _  _  _  _  _  _  S
    B _  _  _  _  _  _  _  _  _  _
    C _  _  _  _  _  _  _  _  _  _
    D _  _  _  _  _  _  _  _  _  _
    E _  _  _  _  _  _  _  _  _  _
->move(D,1)
  state:30.0, ok
  The Starfighter moves: [A,10] -> [D,1]
      1  2  3  4  5  6  7  8  9 10
    A _  _  _  _  _  _  _  _  _  _
    B _  _  _  _  _  _  _  _  _  _
    C _  _  _  _  _  _  _  _  _  _
    D S  _  _  _  _  _  _  _  _  _
    E _  _  _  _  _  _  _  _  _  _
->move(A,10)
  state:31.0, ok
  The Starfighter moves: [D,1] -> [A,10]
      1  2  3  4  5  6  7  8  9 10
    A _  _  _  _  _  _  _  _  _  S
    B _  _  _  _  _  _  _  _  _  _
    C _  _  _  _  _  _  _  _  _  _
    D _  _  _  _  _  _  _  _  _  _
    E _  _  _  _  _  _  _  _  _  _
->move(E,1)
  state:31.1, error
  The location to move to is out of the Starfighter's movement range.
->abort
  state:32.0, ok
  Game has been exited.
