  Welcome to Space Defender Version 1.
->play(5,9,11,2)
  state:1.0, ok
      1  2  3  4  5  6  7  8  9
    A _  _  _  _  _  _  _  _  _
    B _  _  _  _  _  _  _  _  _
    C S  _  _  _  _  _  _  _  _
    D _  _  _  _  _  _  _  _  _
    E _  _  _  _  _  _  _  _  _
->fire
  state:2.0, ok
  The Starfighter fires a projectile at: [C,1]
      1  2  3  4  5  6  7  8  9
    A _  _  _  _  _  _  _  _  _
    B _  _  _  _  _  _  _  _  _
    C S  *  _  _  _  _  _  _  _
    D _  _  _  _  _  _  _  _  _
    E _  _  _  _  _  _  _  _  _
->move(A,8)
  state:3.0, ok
  A projectile moves: [C,2] -> [C,4]
  The Starfighter moves: [C,1] -> [A,8]
      1  2  3  4  5  6  7  8  9
    A _  _  _  _  _  _  _  S  _
    B _  _  _  _  _  _  _  _  _
    C _  _  _  *  _  _  _  _  _
    D _  _  _  _  _  _  _  _  _
    E _  _  _  _  _  _  _  _  _
->move(B,9)
  state:4.0, ok
  A projectile moves: [C,4] -> [C,6]
  The Starfighter moves: [A,8] -> [B,9]
      1  2  3  4  5  6  7  8  9
    A _  _  _  _  _  _  _  _  _
    B _  _  _  _  _  _  _  _  S
    C _  _  _  _  _  *  _  _  _
    D _  _  _  _  _  _  _  _  _
    E _  _  _  _  _  _  _  _  _
->move(C,9)
  state:5.0, ok
  A projectile moves: [C,6] -> [C,8]
  The Starfighter moves: [B,9] -> [C,9]
      1  2  3  4  5  6  7  8  9
    A _  _  _  _  _  _  _  _  _
    B _  _  _  _  _  _  _  _  _
    C _  _  _  _  _  _  _  *  S
    D _  _  _  _  _  _  _  _  _
    E _  _  _  _  _  _  _  _  _
->pass
  state:6.0, ok
  A projectile moves and collides with the Starfighter: [C,8] -> [C,9]
      1  2  3  4  5  6  7  8  9
    A _  _  _  _  _  _  _  _  _
    B _  _  _  _  _  _  _  _  _
    C _  _  _  _  _  _  _  _  X
    D _  _  _  _  _  _  _  _  _
    E _  _  _  _  _  _  _  _  _
  The game is over. Better luck next time!
->play(5,30,20,3)
  state:7.0, ok
      1  2  3  4  5  6  7  8  9 10 11 12 13 14 15 16 17 18 19 20 21 22 23 24 25 26 27 28 29 30
    A _  _  _  _  _  _  _  _  _  _  _  _  _  _  _  _  _  _  _  _  _  _  _  _  _  _  _  _  _  _
    B _  _  _  _  _  _  _  _  _  _  _  _  _  _  _  _  _  _  _  _  _  _  _  _  _  _  _  _  _  _
    C S  _  _  _  _  _  _  _  _  _  _  _  _  _  _  _  _  _  _  _  _  _  _  _  _  _  _  _  _  _
    D _  _  _  _  _  _  _  _  _  _  _  _  _  _  _  _  _  _  _  _  _  _  _  _  _  _  _  _  _  _
    E _  _  _  _  _  _  _  _  _  _  _  _  _  _  _  _  _  _  _  _  _  _  _  _  _  _  _  _  _  _
->fire
  state:8.0, ok
  The Starfighter fires a projectile at: [C,1]
      1  2  3  4  5  6  7  8  9 10 11 12 13 14 15 16 17 18 19 20 21 22 23 24 25 26 27 28 29 30
    A _  _  _  _  _  _  _  _  _  _  _  _  _  _  _  _  _  _  _  _  _  _  _  _  _  _  _  _  _  _
    B _  _  _  _  _  _  _  _  _  _  _  _  _  _  _  _  _  _  _  _  _  _  _  _  _  _  _  _  _  _
    C S  *  _  _  _  _  _  _  _  _  _  _  _  _  _  _  _  _  _  _  _  _  _  _  _  _  _  _  _  _
    D _  _  _  _  _  _  _  _  _  _  _  _  _  _  _  _  _  _  _  _  _  _  _  _  _  _  _  _  _  _
    E _  _  _  _  _  _  _  _  _  _  _  _  _  _  _  _  _  _  _  _  _  _  _  _  _  _  _  _  _  _
->move(A,15)
  state:9.0, ok
  A projectile moves: [C,2] -> [C,5]
  The Starfighter moves: [C,1] -> [A,15]
      1  2  3  4  5  6  7  8  9 10 11 12 13 14 15 16 17 18 19 20 21 22 23 24 25 26 27 28 29 30
    A _  _  _  _  _  _  _  _  _  _  _  _  _  _  S  _  _  _  _  _  _  _  _  _  _  _  _  _  _  _
    B _  _  _  _  _  _  _  _  _  _  _  _  _  _  _  _  _  _  _  _  _  _  _  _  _  _  _  _  _  _
    C _  _  _  _  *  _  _  _  _  _  _  _  _  _  _  _  _  _  _  _  _  _  _  _  _  _  _  _  _  _
    D _  _  _  _  _  _  _  _  _  _  _  _  _  _  _  _  _  _  _  _  _  _  _  _  _  _  _  _  _  _
    E _  _  _  _  _  _  _  _  _  _  _  _  _  _  _  _  _  _  _  _  _  _  _  _  _  _  _  _  _  _
->move(C,13)
  state:10.0, ok
  A projectile moves: [C,5] -> [C,8]
  The Starfighter moves: [A,15] -> [C,13]
      1  2  3  4  5  6  7  8  9 10 11 12 13 14 15 16 17 18 19 20 21 22 23 24 25 26 27 28 29 30
    A _  _  _  _  _  _  _  _  _  _  _  _  _  _  _  _  _  _  _  _  _  _  _  _  _  _  _  _  _  _
    B _  _  _  _  _  _  _  _  _  _  _  _  _  _  _  _  _  _  _  _  _  _  _  _  _  _  _  _  _  _
    C _  _  _  _  _  _  _  *  _  _  _  _  S  _  _  _  _  _  _  _  _  _  _  _  _  _  _  _  _  _
    D _  _  _  _  _  _  _  _  _  _  _  _  _  _  _  _  _  _  _  _  _  _  _  _  _  _  _  _  _  _
    E _  _  _  _  _  _  _  _  _  _  _  _  _  _  _  _  _  _  _  _  _  _  _  _  _  _  _  _  _  _
->pass
  state:11.0, ok
  A projectile moves: [C,8] -> [C,11]
  The Starfighter stays at: [C,13]
      1  2  3  4  5  6  7  8  9 10 11 12 13 14 15 16 17 18 19 20 21 22 23 24 25 26 27 28 29 30
    A _  _  _  _  _  _  _  _  _  _  _  _  _  _  _  _  _  _  _  _  _  _  _  _  _  _  _  _  _  _
    B _  _  _  _  _  _  _  _  _  _  _  _  _  _  _  _  _  _  _  _  _  _  _  _  _  _  _  _  _  _
    C _  _  _  _  _  _  _  _  _  _  *  _  S  _  _  _  _  _  _  _  _  _  _  _  _  _  _  _  _  _
    D _  _  _  _  _  _  _  _  _  _  _  _  _  _  _  _  _  _  _  _  _  _  _  _  _  _  _  _  _  _
    E _  _  _  _  _  _  _  _  _  _  _  _  _  _  _  _  _  _  _  _  _  _  _  _  _  _  _  _  _  _
->pass
  state:12.0, ok
  A projectile moves and collides with the Starfighter: [C,11] -> [C,13]
      1  2  3  4  5  6  7  8  9 10 11 12 13 14 15 16 17 18 19 20 21 22 23 24 25 26 27 28 29 30
    A _  _  _  _  _  _  _  _  _  _  _  _  _  _  _  _  _  _  _  _  _  _  _  _  _  _  _  _  _  _
    B _  _  _  _  _  _  _  _  _  _  _  _  _  _  _  _  _  _  _  _  _  _  _  _  _  _  _  _  _  _
    C _  _  _  _  _  _  _  _  _  _  _  _  X  _  _  _  _  _  _  _  _  _  _  _  _  _  _  _  _  _
    D _  _  _  _  _  _  _  _  _  _  _  _  _  _  _  _  _  _  _  _  _  _  _  _  _  _  _  _  _  _
    E _  _  _  _  _  _  _  _  _  _  _  _  _  _  _  _  _  _  _  _  _  _  _  _  _  _  _  _  _  _
  The game is over. Better luck next time!
->play(5,20,20,4)
  state:13.0, ok
      1  2  3  4  5  6  7  8  9 10 11 12 13 14 15 16 17 18 19 20
    A _  _  _  _  _  _  _  _  _  _  _  _  _  _  _  _  _  _  _  _
    B _  _  _  _  _  _  _  _  _  _  _  _  _  _  _  _  _  _  _  _
    C S  _  _  _  _  _  _  _  _  _  _  _  _  _  _  _  _  _  _  _
    D _  _  _  _  _  _  _  _  _  _  _  _  _  _  _  _  _  _  _  _
    E _  _  _  _  _  _  _  _  _  _  _  _  _  _  _  _  _  _  _  _
->fire
  state:14.0, ok
  The Starfighter fires a projectile at: [C,1]
      1  2  3  4  5  6  7  8  9 10 11 12 13 14 15 16 17 18 19 20
    A _  _  _  _  _  _  _  _  _  _  _  _  _  _  _  _  _  _  _  _
    B _  _  _  _  _  _  _  _  _  _  _  _  _  _  _  _  _  _  _  _
    C S  *  _  _  _  _  _  _  _  _  _  _  _  _  _  _  _  _  _  _
    D _  _  _  _  _  _  _  _  _  _  _  _  _  _  _  _  _  _  _  _
    E _  _  _  _  _  _  _  _  _  _  _  _  _  _  _  _  _  _  _  _
->move(A,14)
  state:15.0, ok
  A projectile moves: [C,2] -> [C,6]
  The Starfighter moves: [C,1] -> [A,14]
      1  2  3  4  5  6  7  8  9 10 11 12 13 14 15 16 17 18 19 20
    A _  _  _  _  _  _  _  _  _  _  _  _  _  S  _  _  _  _  _  _
    B _  _  _  _  _  _  _  _  _  _  _  _  _  _  _  _  _  _  _  _
    C _  _  _  _  _  *  _  _  _  _  _  _  _  _  _  _  _  _  _  _
    D _  _  _  _  _  _  _  _  _  _  _  _  _  _  _  _  _  _  _  _
    E _  _  _  _  _  _  _  _  _  _  _  _  _  _  _  _  _  _  _  _
->move(C,16)
  state:16.0, ok
  A projectile moves: [C,6] -> [C,10]
  The Starfighter moves: [A,14] -> [C,16]
      1  2  3  4  5  6  7  8  9 10 11 12 13 14 15 16 17 18 19 20
    A _  _  _  _  _  _  _  _  _  _  _  _  _  _  _  _  _  _  _  _
    B _  _  _  _  _  _  _  _  _  _  _  _  _  _  _  _  _  _  _  _
    C _  _  _  _  _  _  _  _  _  *  _  _  _  _  _  S  _  _  _  _
    D _  _  _  _  _  _  _  _  _  _  _  _  _  _  _  _  _  _  _  _
    E _  _  _  _  _  _  _  _  _  _  _  _  _  _  _  _  _  _  _  _
->pass
  state:17.0, ok
  A projectile moves: [C,10] -> [C,14]
  The Starfighter stays at: [C,16]
      1  2  3  4  5  6  7  8  9 10 11 12 13 14 15 16 17 18 19 20
    A _  _  _  _  _  _  _  _  _  _  _  _  _  _  _  _  _  _  _  _
    B _  _  _  _  _  _  _  _  _  _  _  _  _  _  _  _  _  _  _  _
    C _  _  _  _  _  _  _  _  _  _  _  _  _  *  _  S  _  _  _  _
    D _  _  _  _  _  _  _  _  _  _  _  _  _  _  _  _  _  _  _  _
    E _  _  _  _  _  _  _  _  _  _  _  _  _  _  _  _  _  _  _  _
->pass
  state:18.0, ok
  A projectile moves and collides with the Starfighter: [C,14] -> [C,16]
      1  2  3  4  5  6  7  8  9 10 11 12 13 14 15 16 17 18 19 20
    A _  _  _  _  _  _  _  _  _  _  _  _  _  _  _  _  _  _  _  _
    B _  _  _  _  _  _  _  _  _  _  _  _  _  _  _  _  _  _  _  _
    C _  _  _  _  _  _  _  _  _  _  _  _  _  _  _  X  _  _  _  _
    D _  _  _  _  _  _  _  _  _  _  _  _  _  _  _  _  _  _  _  _
    E _  _  _  _  _  _  _  _  _  _  _  _  _  _  _  _  _  _  _  _
  The game is over. Better luck next time!
->play(5,19,22,5)
  state:19.0, ok
      1  2  3  4  5  6  7  8  9 10 11 12 13 14 15 16 17 18 19
    A _  _  _  _  _  _  _  _  _  _  _  _  _  _  _  _  _  _  _
    B _  _  _  _  _  _  _  _  _  _  _  _  _  _  _  _  _  _  _
    C S  _  _  _  _  _  _  _  _  _  _  _  _  _  _  _  _  _  _
    D _  _  _  _  _  _  _  _  _  _  _  _  _  _  _  _  _  _  _
    E _  _  _  _  _  _  _  _  _  _  _  _  _  _  _  _  _  _  _
->fire
  state:20.0, ok
  The Starfighter fires a projectile at: [C,1]
      1  2  3  4  5  6  7  8  9 10 11 12 13 14 15 16 17 18 19
    A _  _  _  _  _  _  _  _  _  _  _  _  _  _  _  _  _  _  _
    B _  _  _  _  _  _  _  _  _  _  _  _  _  _  _  _  _  _  _
    C S  *  _  _  _  _  _  _  _  _  _  _  _  _  _  _  _  _  _
    D _  _  _  _  _  _  _  _  _  _  _  _  _  _  _  _  _  _  _
    E _  _  _  _  _  _  _  _  _  _  _  _  _  _  _  _  _  _  _
->move(A,19)
  state:21.0, ok
  A projectile moves: [C,2] -> [C,7]
  The Starfighter moves: [C,1] -> [A,19]
      1  2  3  4  5  6  7  8  9 10 11 12 13 14 15 16 17 18 19
    A _  _  _  _  _  _  _  _  _  _  _  _  _  _  _  _  _  _  S
    B _  _  _  _  _  _  _  _  _  _  _  _  _  _  _  _  _  _  _
    C _  _  _  _  _  _  *  _  _  _  _  _  _  _  _  _  _  _  _
    D _  _  _  _  _  _  _  _  _  _  _  _  _  _  _  _  _  _  _
    E _  _  _  _  _  _  _  _  _  _  _  _  _  _  _  _  _  _  _
->move(C,19)
  state:22.0, ok
  A projectile moves: [C,7] -> [C,12]
  The Starfighter moves: [A,19] -> [C,19]
      1  2  3  4  5  6  7  8  9 10 11 12 13 14 15 16 17 18 19
    A _  _  _  _  _  _  _  _  _  _  _  _  _  _  _  _  _  _  _
    B _  _  _  _  _  _  _  _  _  _  _  _  _  _  _  _  _  _  _
    C _  _  _  _  _  _  _  _  _  _  _  *  _  _  _  _  _  _  S
    D _  _  _  _  _  _  _  _  _  _  _  _  _  _  _  _  _  _  _
    E _  _  _  _  _  _  _  _  _  _  _  _  _  _  _  _  _  _  _
->pass
  state:23.0, ok
  A projectile moves: [C,12] -> [C,17]
  The Starfighter stays at: [C,19]
      1  2  3  4  5  6  7  8  9 10 11 12 13 14 15 16 17 18 19
    A _  _  _  _  _  _  _  _  _  _  _  _  _  _  _  _  _  _  _
    B _  _  _  _  _  _  _  _  _  _  _  _  _  _  _  _  _  _  _
    C _  _  _  _  _  _  _  _  _  _  _  _  _  _  _  _  *  _  S
    D _  _  _  _  _  _  _  _  _  _  _  _  _  _  _  _  _  _  _
    E _  _  _  _  _  _  _  _  _  _  _  _  _  _  _  _  _  _  _
->pass
  state:24.0, ok
  A projectile moves and collides with the Starfighter: [C,17] -> [C,19]
      1  2  3  4  5  6  7  8  9 10 11 12 13 14 15 16 17 18 19
    A _  _  _  _  _  _  _  _  _  _  _  _  _  _  _  _  _  _  _
    B _  _  _  _  _  _  _  _  _  _  _  _  _  _  _  _  _  _  _
    C _  _  _  _  _  _  _  _  _  _  _  _  _  _  _  _  _  _  X
    D _  _  _  _  _  _  _  _  _  _  _  _  _  _  _  _  _  _  _
    E _  _  _  _  _  _  _  _  _  _  _  _  _  _  _  _  _  _  _
  The game is over. Better luck next time!
