  Welcome to Space Defender Version 1.
->play(3,15,16,2)
  state:1.0, ok
      1  2  3  4  5  6  7  8  9 10 11 12 13 14 15
    A _  _  _  _  _  _  _  _  _  _  _  _  _  _  _
    B S  _  _  _  _  _  _  _  _  _  _  _  _  _  _
    C _  _  _  _  _  _  _  _  _  _  _  _  _  _  _
->fire
  state:2.0, ok
  The Starfighter fires a projectile at: [B,1]
      1  2  3  4  5  6  7  8  9 10 11 12 13 14 15
    A _  _  _  _  _  _  _  _  _  _  _  _  _  _  _
    B S  *  _  _  _  _  _  _  _  _  _  _  _  _  _
    C _  _  _  _  _  _  _  _  _  _  _  _  _  _  _
->fire
  state:3.0, ok
  A projectile moves: [B,2] -> [B,4]
  The Starfighter fires a projectile at: [B,1]
      1  2  3  4  5  6  7  8  9 10 11 12 13 14 15
    A _  _  _  _  _  _  _  _  _  _  _  _  _  _  _
    B S  *  _  *  _  _  _  _  _  _  _  _  _  _  _
    C _  _  _  _  _  _  _  _  _  _  _  _  _  _  _
->move(C,13)
  state:4.0, ok
  A projectile moves: [B,4] -> [B,6]
  A projectile moves: [B,2] -> [B,4]
  The Starfighter moves: [B,1] -> [C,13]
      1  2  3  4  5  6  7  8  9 10 11 12 13 14 15
    A _  _  _  _  _  _  _  _  _  _  _  _  _  _  _
    B _  _  _  *  _  *  _  _  _  _  _  _  _  _  _
    C _  _  _  _  _  _  _  _  _  _  _  _  S  _  _
->move(B,1)
  state:5.0, ok
  A projectile moves: [B,6] -> [B,8]
  A projectile moves: [B,4] -> [B,6]
  The Starfighter moves and collides with a projectile: [C,13] -> [B,8]
      1  2  3  4  5  6  7  8  9 10 11 12 13 14 15
    A _  _  _  _  _  _  _  _  _  _  _  _  _  _  _
    B _  _  _  _  _  *  _  X  _  _  _  _  _  _  _
    C _  _  _  _  _  _  _  _  _  _  _  _  _  _  _
  The game is over. Better luck next time!
